SQL> select 1+2+3+4+5 from dept;

 1+2+3+4+5                                                                      
----------                                                                      
        15                                                                      
        15                                                                      
        15                                                                      
        15                                                                      
        15                                                                      

SQL> select '출력' from dept;

'출력'                                                                          
------------                                                                    
출력                                                                            
출력                                                                            
출력                                                                            
출력                                                                            
출력                                                                            

SQL> create table ex10 (num number);

테이블이 생성되었습니다.

SQL> insert into ex10 values (0);

1 개의 행이 만들어졌습니다.

SQL> select 1+2+3+4+5 from ex10;

 1+2+3+4+5                                                                      
----------                                                                      
        15                                                                      

SQL> select * from dual;

DU                                                                              
--                                                                              
X                                                                               

SQL> select 1+2+3 from dual;\
  2  
SQL> select 1+2+3 from dual;

     1+2+3                                                                      
----------                                                                      
         6                                                                      

SQL> select '문자'+'열' from dual;
select '문자'+'열' from dual
       *
1행에 오류:
ORA-01722: 수치가 부적합합니다 


SQL> select '문자열'||'열' from daul;
select '문자열'||'열' from daul
                              *
1행에 오류:
ORA-00942: 테이블 또는 뷰가 존재하지 않습니다 


SQL> select '문자'||'열' from dual;

'문자'||'열'                                                                    
------------------                                                              
문자열                                                                          

SQL> select dname||'부서는 '||loc||'에 위치합니다' from dept;

DNAME||'부서는'||LOC||'에위치합니다'                                            
--------------------------------------------------------------------------------
ACCOUNTING부서는 NEW YORK에 위치합니다                                          
RESEARCH부서는 DALLAS에 위치합니다                                              
SALES부서는 CHICAGO에 위치합니다                                                
OPERATIONS부서는 BOSTON에 위치합니다                                            
관리부부서는 서울에 위치합니다                                                  

SQL> select sum(sal) from emp;

  SUM(SAL)                                                                      
----------                                                                      
     29025                                                                      

SQL> select lower('ABCabc') from dual;

LOWER('ABCAB                                                                    
------------                                                                    
abcabc                                                                          

SQL> select upper('ABCabc') from dual;

UPPER('ABCAB                                                                    
------------                                                                    
ABCABC                                                                          

SQL> select initcap('i am father') from daul;
select initcap('i am father') from daul
                                   *
1행에 오류:
ORA-00942: 테이블 또는 뷰가 존재하지 않습니다 


SQL> select initcap('i am father') from dual;

INITCAP('IAMFATHER')                                                            
----------------------                                                          
I Am Father                                                                     

SQL> select '문자'||'열' from dual;

'문자'||'열'                                                                    
------------------                                                              
문자열                                                                          

SQL> select concat('문자','열') from dual;

CONCAT('문자','열'                                                              
------------------                                                              
문자열                                                                          

SQL> select length('abc') from dual;

LENGTH('ABC')                                                                   
-------------                                                                   
            3                                                                   

SQL> select length('문자열') from dual;

LENGTH('문자열')                                                                
----------------                                                                
               3                                                                

SQL> select lengthb('문자열') from dual;

LENGTHB('문자열')                                                               
-----------------                                                               
                9                                                               

SQL> select lengthb('abc') from dual;

LENGTHB('ABC')                                                                  
--------------                                                                  
             3                                                                  

SQL> select substr('abcdefg',2) from dual;

SUBSTR('ABCD                                                                    
------------                                                                    
bcdefg                                                                          

SQL> select substr('abcdefg',4) from dual;

SUBSTR('                                                                        
--------                                                                        
defg                                                                            

SQL> select substr('abcdefg',4,6) from dual;

SUBSTR('                                                                        
--------                                                                        
defg                                                                            

SQL> select substr('abcdefg',4,3) from dual;

SUBSTR                                                                          
------                                                                          
def                                                                             

SQL> select substrb('abcdefg',4,3) from dual;

SUBSTR                                                                          
------                                                                          
def                                                                             

SQL> select substrb('한글도잘나옴',4) from dual;

SUBSTRB('한글도잘나옴',4)                                                       
------------------------------                                                  
글도잘나옴                                                                      

SQL> 
SQL> select substr('한글도잘나옴',4) from dual;

SUBSTR('한글도잘나                                                              
------------------                                                              
잘나옴                                                                          

SQL> select substr('한글도잘나옴',4,2) from dual;

SUBSTR('한글                                                                    
------------                                                                    
잘나                                                                            

SQL> select substrb('한글도잘나옴',4,2) from dual;

SUBS                                                                            
----                                                                            
                                                                                

SQL> select substrb('한글도잘나옴',10) from dual;

SUBSTRB('한글도잘                                                               
------------------                                                              
잘나옴                                                                          

SQL> select substrb('한글도잘나옴',10) from dual;

SUBSTRB('한글도잘                                                               
------------------                                                              
잘나옴                                                                          

SQL> select substrb('한글도잘나옴',11) from dual;

SUBSTRB('한글도                                                                 
----------------                                                                
  나옴                                                                          

SQL> select substrb('한글도잘나옴',9) from dual;

SUBSTRB('한글도잘나                                                             
--------------------                                                            
 잘나옴                                                                         

SQL> select substrb('한글도잘나옴',12) from dual;

SUBSTRB('한글                                                                   
--------------                                                                  
 나옴                                                                           

SQL> select substrb('한글도잘나옴',13) from dual;

SUBSTRB('한                                                                     
------------                                                                    
나옴                                                                            

SQL> select substrb('한글도잘나옴',10) from dual;

SUBSTRB('한글도잘                                                               
------------------                                                              
잘나옴                                                                          

SQL> select substrb('한글도잘나옴',13) from dual;

SUBSTRB('한                                                                     
------------                                                                    
나옴                                                                            

SQL> select substrb('한글도잘나옴',16) from dual;

SUBSTR                                                                          
------                                                                          
옴                                                                              

SQL> select substrb('한글도잘나옴',10,6) from dual;

SUBSTRB('한                                                                     
------------                                                                    
잘나                                                                            

SQL> select instr('abcdefg','c') from dual;

INSTR('ABCDEFG','C')                                                            
--------------------                                                            
                   3                                                            

SQL> select instr('abcdefgc','c') from dual;

INSTR('ABCDEFGC','C')                                                           
---------------------                                                           
                    3                                                           

SQL> select instr('abcdefgc','c') from dual;

INSTR('ABCDEFGC','C')                                                           
---------------------                                                           
                    3                                                           

SQL> select instr('한글도잘나옴','잘')from dual;

INSTR('한글도잘나옴','잘')                                                      
--------------------------                                                      
                         4                                                      

SQL> select instrb('한글도잘나옴','잘')from dual;

INSTRB('한글도잘나옴','잘')                                                     
---------------------------                                                     
                         10                                                     

SQL> select lpad('  abc  ',8,'#')from dual;

LPAD('ABC',8,'#'                                                                
----------------                                                                
#  abc                                                                          

SQL> select lpad('  abc  ',8,'#')from dual;

LPAD('ABC',8,'#'                                                                
----------------                                                                
#  abc                                                                          

SQL> select lpad('abc',8,'#')from dual;

LPAD('ABC',8,'#'                                                                
----------------                                                                
#####abc                                                                        

SQL> select lpad(' abc ',8,'#')from dual;

LPAD('ABC',8,'#'                                                                
----------------                                                                
### abc                                                                         

SQL> select rpad(' abc ',8,'#')from dual;

RPAD('ABC',8,'#'                                                                
----------------                                                                
 abc ###                                                                        

SQL> select rpad('12345',8,'#')from dual;

RPAD('12345',8,'                                                                
----------------                                                                
12345###                                                                        

SQL> select trim(' abc ')||'#' from dual;

TRIM('AB                                                                        
--------                                                                        
abc#                                                                            

SQL> select trim('a'aaaaaabcaaaaaa')
  2  
SQL> select trim('a' from 'aaaaaaabcaaaaaaaa') from dual;

TRIM                                                                            
----                                                                            
bc                                                                              

SQL> select replace('abcdefg',cd,'CD') from dual;
select replace('abcdefg',cd,'CD') from dual
                         *
1행에 오류:
ORA-00904: "CD": 부적합한 식별자 


SQL> select replace('abcdefg','cd','CD') from dual;

REPLACE('ABCDE                                                                  
--------------                                                                  
abCDefg                                                                         

SQL> select abs(-100) from dual;

 ABS(-100)                                                                      
----------                                                                      
       100                                                                      

SQL> select floor(3.14) from dual;

FLOOR(3.14)                                                                     
-----------                                                                     
          3                                                                     

SQL> select sin(2/1) from dual;

  SIN(2/1)                                                                      
----------                                                                      
.909297427                                                                      

SQL> select sin(3/1) from dual;

  SIN(3/1)                                                                      
----------                                                                      
.141120008                                                                      

SQL> select round(3.14) from dual;

ROUND(3.14)                                                                     
-----------                                                                     
          3                                                                     

SQL> select trunc(3.14) from dual;

TRUNC(3.14)                                                                     
-----------                                                                     
          3                                                                     

SQL> select trunc(3.14,1) from dual;

TRUNC(3.14,1)                                                                   
-------------                                                                   
          3.1                                                                   

SQL> select trunc(3.14,1,4) from dual;
select trunc(3.14,1,4) from dual
                    *
1행에 오류:
ORA-00939: 함수의 인수가 너무 많습니다 


SQL> select trunc(3.14,4) from dual;

TRUNC(3.14,4)                                                                   
-------------                                                                   
         3.14                                                                   

SQL> select trunc(54321.123456,3) from dual;

TRUNC(54321.123456,3)                                                           
---------------------                                                           
            54321.123                                                           

SQL> select trunc(54321.123456,-1) from dual;

TRUNC(54321.123456,-1)                                                          
----------------------                                                          
                 54320                                                          

SQL> select trunc(54321.123456,-2) from dual;

TRUNC(54321.123456,-2)                                                          
----------------------                                                          
                 54300                                                          

SQL> select trunc(54321.123456,-3) from dual;

TRUNC(54321.123456,-3)                                                          
----------------------                                                          
                 54000                                                          

SQL> select trunc(54321.123456,-4) from dual;

TRUNC(54321.123456,-4)                                                          
----------------------                                                          
                 50000                                                          

SQL> select trunc(54321.123456,-5) from dual;

TRUNC(54321.123456,-5)                                                          
----------------------                                                          
                     0                                                          

SQL> select 4/2 from dual;

       4/2                                                                      
----------                                                                      
         2                                                                      

SQL> select 5/2 from dual;

       5/2                                                                      
----------                                                                      
       2.5                                                                      

SQL> select tan(1) from dual;

    TAN(1)                                                                      
----------                                                                      
1.55740772                                                                      

SQL> select tan(3/1) from dual;

  TAN(3/1)                                                                      
----------                                                                      
-.14254654                                                                      

SQL> select sin(2/3) from dual;

  SIN(2/3)                                                                      
----------                                                                      
.618369803                                                                      

SQL> select sin(2/3) from dual;

  SIN(2/3)                                                                      
----------                                                                      
.618369803                                                                      

SQL> select 5/2,floor(5/2) from dual;

       5/2 FLOOR(5/2)                                                           
---------- ----------                                                           
       2.5          2                                                           

SQL> select 5/2,floor(5/2),mod(5,2) from dual;

       5/2 FLOOR(5/2)   MOD(5,2)                                                
---------- ---------- ----------                                                
       2.5          2          1                                                

SQL> select 5/2,floor(5/2),mod(5,2),5-2*floor(5/2) from dual;

       5/2 FLOOR(5/2)   MOD(5,2) 5-2*FLOOR(5/2)                                 
---------- ---------- ---------- --------------                                 
       2.5          2          1              1                                 

SQL> spool off
