SQL> 문자열로 변환 -> to_char
SP2-0734: "문자열로 ..."(으)로 시작되는 알 수 없는 명령 - 나머지 줄은 무시되었습니다.
SQL> select '20/01/01' from dual;

'20/01/01'                                                                      
----------------                                                                
20/01/01                                                                        

SQL> select sysdate from dual;

SYSDATE                                                                         
--------                                                                        
20/06/24                                                                        

SQL> select sysdate from dual;

SYSDATE                                                                         
--------                                                                        
20/06/24                                                                        

SQL> select to_char(sysdate) from dual;

TO_CHAR(SYSDATE)                                                                
----------------                                                                
20/06/24                                                                        

SQL> select to_char(sysdate,'YYYY-MM-di') from dual;

TO_CHAR(SYSDATE,'YYY                                                            
--------------------                                                            
2020-06-40                                                                      

SQL> select to_char(sysdate,'YYYY-MM-DD') from dual;

TO_CHAR(SYSDATE,'YYY                                                            
--------------------                                                            
2020-06-24                                                                      

SQL> select to_char(sysdate,'YYYY-MM-DD hh:mi:ss') from dual;

TO_CHAR(SYSDATE,'YYYY-MM-DDHH:MI:SS')                                           
--------------------------------------                                          
2020-06-24 10:53:09                                                             

SQL> select to_char(sysdate,'YYYY-MM-DD hh:mi:ss') from dual;

TO_CHAR(SYSDATE,'YYYY-MM-DDHH:MI:SS')                                           
--------------------------------------                                          
2020-06-24 10:53:10                                                             

SQL> select to_char(sysdate,'YYYY-MM-DD hh:mi:ss') from dual;

TO_CHAR(SYSDATE,'YYYY-MM-DDHH:MI:SS')                                           
--------------------------------------                                          
2020-06-24 10:53:11                                                             

SQL> select to_char(sysdate,'YYYY-MM-DD hh:mi:ss') from dual;

TO_CHAR(SYSDATE,'YYYY-MM-DDHH:MI:SS')                                           
--------------------------------------                                          
2020-06-24 10:53:11                                                             

SQL> select to_char(sysdate,'YYYY-MM-DD hh:mi:ss') from dual;

TO_CHAR(SYSDATE,'YYYY-MM-DDHH:MI:SS')                                           
--------------------------------------                                          
2020-06-24 10:53:12                                                             

SQL> select to_char(sysdate,'YYYY-MM-DD hh:mi:ss') from dual;

TO_CHAR(SYSDATE,'YYYY-MM-DDHH:MI:SS')                                           
--------------------------------------                                          
2020-06-24 10:53:12                                                             

SQL> select to_char(sysdate,'YYYY-MM-DD hh:mi:ss') from dual;

TO_CHAR(SYSDATE,'YYYY-MM-DDHH:MI:SS')                                           
--------------------------------------                                          
2020-06-24 10:53:13                                                             

SQL> select to_char(sysdate,'YYYY-MM-DD hh:mi:ss') from dual;

TO_CHAR(SYSDATE,'YYYY-MM-DDHH:MI:SS')                                           
--------------------------------------                                          
2020-06-24 10:53:13                                                             

SQL> select to_char(sysdate,'YYYY-MM-DD hh:mi:ss') from dual;

TO_CHAR(SYSDATE,'YYYY-MM-DDHH:MI:SS')                                           
--------------------------------------                                          
2020-06-24 10:53:14                                                             

SQL> select to_char(sysdate,'YYYY년MM월DD일 hh:mi:ss') from dual;
select to_char(sysdate,'YYYY년MM월DD일 hh:mi:ss') from dual
                       *
1행에 오류:
ORA-01821: 날짜 형식이 부적합합니다 


SQL> select to_char(sysdate,'YYYY년 MM월 DD일 hh:mi:ss') from dual;
select to_char(sysdate,'YYYY년 MM월 DD일 hh:mi:ss') from dual
                       *
1행에 오류:
ORA-01821: 날짜 형식이 부적합합니다 


SQL> select to_char(sysdate,'YYYY+'년'-MM-DD일 hh:mi:ss') from dual;
select to_char(sysdate,'YYYY+'년'-MM-DD일 hh:mi:ss') from dual
                              *
1행에 오류:
ORA-00907: 누락된 우괄호 


SQL> select to_char(sysdate,'YYYY+'년'MM-DD일 hh:mi:ss') from dual;
select to_char(sysdate,'YYYY+'년'MM-DD일 hh:mi:ss') from dual
                              *
1행에 오류:
ORA-00907: 누락된 우괄호 


SQL> select to_char(sysdate,'YYYY+'년'+MM-DD일 hh:mi:ss') from dual;
select to_char(sysdate,'YYYY+'년'+MM-DD일 hh:mi:ss') from dual
                              *
1행에 오류:
ORA-00907: 누락된 우괄호 


SQL> select to_char(sysdate, 'YYYY-MM-DD hh mi') from dual;

TO_CHAR(SYSDATE,'YYYY-MM-DDHHMI'                                                
--------------------------------                                                
2020-06-24 10 55                                                                

SQL> select to_char(sysdate, 'YY-MM-DD hh mi') from dual;

TO_CHAR(SYSDATE,'YY-MM-DDHHM                                                    
----------------------------                                                    
20-06-24 10 55                                                                  

SQL> select to_char(sysdate, 'YY-MM-DAY hh mi') from dual;

TO_CHAR(SYSDATE,'YY-MM-DAYHHMI')                                                
------------------------------------------------                                
20-06-수요일 10 55                                                              

SQL> select to_char(sysdate, 'YY-MM-DAY hh mi') from dual;

TO_CHAR(SYSDATE,'YY-MM-DAYHHMI')                                                
------------------------------------------------                                
20-06-수요일 10 55                                                              

SQL> select to_char(sysdate, 'YY-MM-DD-DAY hh mi') from dual;

TO_CHAR(SYSDATE,'YY-MM-DD-DAYHHMI')                                             
------------------------------------------------------                          
20-06-24-수요일 10 55                                                           

SQL> select to_char(sysdate, 'YY-MM-DD DY hh mi') from dual;

TO_CHAR(SYSDATE,'YY-MM-DDDYHHMI')                                               
--------------------------------------                                          
20-06-24 수 10 56                                                               

SQL> select to_char(sysdate, 'YY-MM-DD DY PM') from dual;

TO_CHAR(SYSDATE,'YY-MM-DDDYPM')                                                 
----------------------------------------                                        
20-06-24 수 오전                                                                

SQL> select to_char(sysdate, 'YY-MM-DD DY AM') from dual;

TO_CHAR(SYSDATE,'YY-MM-DDDYAM')                                                 
----------------------------------------                                        
20-06-24 수 오전                                                                

SQL> select to_char(sysdate, 'YY-MM-DD DY HH') from dual;

TO_CHAR(SYSDATE,'YY-MM-DDDYHH')                                                 
--------------------------------                                                
20-06-24 수 10                                                                  

SQL> select to_char(sysdate, 'YY-MM-DD DY HH12') from dual;

TO_CHAR(SYSDATE,'YY-MM-DDDYHH12'                                                
--------------------------------                                                
20-06-24 수 10                                                                  

SQL> select to_char(sysdate, 'YY-MM-DD DY HH24') from dual;

TO_CHAR(SYSDATE,'YY-MM-DDDYHH24'                                                
--------------------------------                                                
20-06-24 수 10                                                                  

SQL> select to_char(sysdate, 'YY-MM-DD DY MI') from dual;

TO_CHAR(SYSDATE,'YY-MM-DDDYMI')                                                 
--------------------------------                                                
20-06-24 수 58                                                                  

SQL> select to_char(sysdate, 'YY-MM-DD DY SS') from dual;

TO_CHAR(SYSDATE,'YY-MM-DDDYSS')                                                 
--------------------------------                                                
20-06-24 수 08                                                                  

SQL> select to_char(sysdate, 'YY-MM-DD DY HH:MM:SS') from dual;

TO_CHAR(SYSDATE,'YY-MM-DDDYHH:MM:SS')                                           
--------------------------------------------                                    
20-06-24 수 10:06:24                                                            

SQL> select to_char(sysdate, 'YY-MM-DD DY HH:MI:SS') from dual;

TO_CHAR(SYSDATE,'YY-MM-DDDYHH:MI:SS')                                           
--------------------------------------------                                    
20-06-24 수 10:58:34                                                            

SQL> select 12345 from dual;

     12345                                                                      
----------                                                                      
     12345                                                                      

SQL> select 12,345 from dual;

        12        345                                                           
---------- ----------                                                           
        12        345                                                           

SQL> select to_char(12345,00,000) from dual;
select to_char(12345,00,000) from dual
                        *
1행에 오류:
ORA-00932: 일관성 없는 데이터 유형: -이(가) 필요하지만 NUMBER임 


SQL> select to_char(12345,99,999) from dual;
select to_char(12345,99,999) from dual
                        *
1행에 오류:
ORA-00932: 일관성 없는 데이터 유형: -이(가) 필요하지만 NUMBER임 


SQL> select to_char(12345,'99,999') from dual;

TO_CHAR(12345,                                                                  
--------------                                                                  
 12,345                                                                         

SQL> select to_char(12345,'9.999,999') from dual;
select to_char(12345,'9.999,999') from dual
                     *
1행에 오류:
ORA-01481: 숫자 형식 모델이 부적합합니다 


SQL> select to_char(12345,'9,999,999') from dual;

TO_CHAR(12345,'9,999                                                            
--------------------                                                            
    12,345                                                                      

SQL> select to_char(12345,'9,999,999.99') from dual;

TO_CHAR(12345,'9,999,999.9                                                      
--------------------------                                                      
    12,345.00                                                                   

SQL> select to_char(12345,'L9,999,999.99') from dual;

TO_CHAR(12345,'L9,999,999.99')                                                  
----------------------------------------------                                  
           ￦12,345.00                                                          

SQL> select to_char(12345,'&9,999,999.99') from dual;
9의 값을 입력하십시오: 7
구   1: select to_char(12345,'&9,999,999.99') from dual
신   1: select to_char(12345,'7,999,999.99') from dual
select to_char(12345,'7,999,999.99') from dual
                     *
1행에 오류:
ORA-01481: 숫자 형식 모델이 부적합합니다 


SQL> select to_char(12345,'$9,999,999.99') from dual;

TO_CHAR(12345,'$9,999,999.99                                                    
----------------------------                                                    
    $12,345.00                                                                  

SQL> select to_char(12345,'S9,999,999.99') from dual;

TO_CHAR(12345,'S9,999,999.                                                      
--------------------------                                                      
   +12,345.00                                                                   

SQL> select -3.14 from dual;

     -3.14                                                                      
----------                                                                      
     -3.14                                                                      

SQL> select '1234'+1 from dual;

  '1234'+1                                                                      
----------                                                                      
      1235                                                                      

SQL> select * from dept;

    DEPTNO DNAME                        LOC                                     
---------- ---------------------------- --------------------------              
        10 ACCOUNTING                   NEW YORK                                
        20 RESEARCH                     DALLAS                                  
        30 SALES                        CHICAGO                                 
        40 OPERATIONS                   BOSTON                                  
        50 관리부                       서울                                    

SQL> select * from emp;

     EMPNO ENAME                JOB                       MGR HIREDATE          
---------- -------------------- ------------------ ---------- --------          
       SAL       COMM     DEPTNO                                                
---------- ---------- ----------                                                
      7369 SMITH                CLERK                    7902 80/12/17          
       800                    20                                                
                                                                                
      7499 ALLEN                SALESMAN                 7698 81/02/20          
      1600        300         30                                                
                                                                                
      7521 WARD                 SALESMAN                 7698 81/02/22          
      1250        500         30                                                
                                                                                

     EMPNO ENAME                JOB                       MGR HIREDATE          
---------- -------------------- ------------------ ---------- --------          
       SAL       COMM     DEPTNO                                                
---------- ---------- ----------                                                
      7566 JONES                MANAGER                  7839 81/04/02          
      2975                    20                                                
                                                                                
      7654 MARTIN               SALESMAN                 7698 81/09/28          
      1250       1400         30                                                
                                                                                
      7698 BLAKE                MANAGER                  7839 81/05/01          
      2850                    30                                                
                                                                                

     EMPNO ENAME                JOB                       MGR HIREDATE          
---------- -------------------- ------------------ ---------- --------          
       SAL       COMM     DEPTNO                                                
---------- ---------- ----------                                                
      7782 CLARK                MANAGER                  7839 81/06/09          
      2450                    10                                                
                                                                                
      7788 SCOTT                ANALYST                  7566 87/04/19          
      3000                    20                                                
                                                                                
      7839 KING                 PRESIDENT                     81/11/17          
      5000                    10                                                
                                                                                

     EMPNO ENAME                JOB                       MGR HIREDATE          
---------- -------------------- ------------------ ---------- --------          
       SAL       COMM     DEPTNO                                                
---------- ---------- ----------                                                
      7844 TURNER               SALESMAN                 7698 81/09/08          
      1500          0         30                                                
                                                                                
      7876 ADAMS                CLERK                    7788 87/05/23          
      1100                    20                                                
                                                                                
      7900 JAMES                CLERK                    7698 81/12/03          
       950                    30                                                
                                                                                

     EMPNO ENAME                JOB                       MGR HIREDATE          
---------- -------------------- ------------------ ---------- --------          
       SAL       COMM     DEPTNO                                                
---------- ---------- ----------                                                
      7902 FORD                 ANALYST                  7566 81/12/03          
      3000                    20                                                
                                                                                
      7934 MILLER               CLERK                    7782 82/01/23          
      1300                    10                                                
                                                                                

14 개의 행이 선택되었습니다.

SQL> 어떻게든 될려고 노력함
SP2-0734: "어떻게든 ..."(으)로 시작되는 알 수 없는 명령 - 나머지 줄은 무시되었습니다.
SQL> 미
SP2-0042: 알 수 없는 명령어 "미" - 나머지 줄 무시.
SQL> 
SP2-0042: 알 수 없는 명령어 "" - 나머지 줄 무시.
SQL> 
SP2-0042: 알 수 없는 명령어 "" - 나머지 줄 무시.
SP2-0044: 명령어 목록을 보려면 HELP를
빠져나가려면 EXIT를 입력하시오.
SQL> 
SP2-0042: 알 수 없는 명령어 "" - 나머지 줄 무시.
SQL> 
SP2-0042: 알 수 없는 명령어 "" - 나머지 줄 무시.
SQL> select to_number('1234')+1 from dual;

TO_NUMBER('1234')+1                                                             
-------------------                                                             
               1235                                                             

SQL> select to_number('1234')+to_number('1') from dual;

TO_NUMBER('1234')+TO_NUMBER('1')                                                
--------------------------------                                                
                            1235                                                

SQL> select '12,345'+1 from dual;
select '12,345'+1 from dual
       *
1행에 오류:
ORA-01722: 수치가 부적합합니다 


SQL> select to_number('12,345')+1 from dual;
select to_number('12,345')+1 from dual
                 *
1행에 오류:
ORA-01722: 수치가 부적합합니다 


SQL> select to_number('12345')+1 from dual;

TO_NUMBER('12345')+1                                                            
--------------------                                                            
               12346                                                            

SQL> select to_number('12,345','99,999') from dual;

TO_NUMBER('12,345','99,999')                                                    
----------------------------                                                    
                       12345                                                    

SQL> select to_number('12,345','9,999,999') from dual;

TO_NUMBER('12,345','9,999,999')                                                 
-------------------------------                                                 
                          12345                                                 

SQL> select to_number('12,345','9,999,999')+1 from dual;

TO_NUMBER('12,345','9,999,999')+1                                               
---------------------------------                                               
                            12346                                               

SQL> select '20-01-01'
  2  from dual;

'20-01-01'                                                                      
----------------                                                                
20-01-01                                                                        

SQL> select '20-01-01'+1 from dual;
select '20-01-01'+1 from dual
       *
1행에 오류:
ORA-01722: 수치가 부적합합니다 


SQL> select to_date('20/01/01')+1 from dual;

TO_DATE(                                                                        
--------                                                                        
20/01/02                                                                        

SQL> select to_date('20 01 01')+1 from dual;

TO_DATE(                                                                        
--------                                                                        
20/01/02                                                                        

SQL> select to_date('20 01 01 12 00','YY MM DD HH MI')+1 from dual;

TO_DATE(                                                                        
--------                                                                        
20/01/02                                                                        

SQL> 항상 변환시 포맷팅을 짜주면 내가 써준 방식대로 연산 수행 가능\
SP2-0734: "항상 변환..."(으)로 시작되는 알 수 없는 명령 - 나머지 줄은 무시되었습니다.
SQL> select * from ex13;

선택된 레코드가 없습니다.

SQL> insert into ex13 values (1111,'test1',20/01/01);
insert into ex13 values (1111,'test1',20/01/01)
                                           *
1행에 오류:
ORA-00932: 일관성 없는 데이터 유형: DATE이(가) 필요하지만 NUMBER임 


SQL> insert into ex13 values (1111,'test1','20/01/01);
ERROR:
ORA-01756: 단일 인용부를 지정해 주십시오 


SQL> insert into ex13 values (1111,'test1','20/01/01');

1 개의 행이 만들어졌습니다.

SQL> select nalja from ex13;

NALJA                                                                           
--------                                                                        
20/01/01                                                                        

SQL> select to_char(nalja,'YY/MM/DD HH:MI') from ex13;

TO_CHAR(NALJA,'YY/MM/DDHH:MI                                                    
----------------------------                                                    
20/01/01 12:00                                                                  

SQL> select to_char(nalja,'YY/MM/DD HH:MISS') from ex13;

TO_CHAR(NALJA,'YY/MM/DDHH:MISS')                                                
--------------------------------                                                
20/01/01 12:0000                                                                

SQL> select to_char(nalja,'YY/MM/DD HH:MI:MI:SS') from ex13;

TO_CHAR(NALJA,'YY/MM/DDHH:MI:MI:SS')                                            
----------------------------------------                                        
20/01/01 12:00:00:00                                                            

SQL> select to_char(nalja,'YY/MM/DD HH:MI:SS') from ex13;

TO_CHAR(NALJA,'YY/MM/DDHH:MI:SS')                                               
----------------------------------                                              
20/01/01 12:00:00                                                               

SQL> select sysdate-nalja from ex13;

SYSDATE-NALJA                                                                   
-------------                                                                   
   175.472859                                                                   

SQL> select to_date('20/06/24')-nalja from ex13;

TO_DATE('20/06/24')-NALJA                                                       
-------------------------                                                       
                      175                                                       

SQL> 
SQL> 
SQL> 
SQL> 
SQL> 
SQL> 
SQL> select sal from emp;

       SAL                                                                      
----------                                                                      
       800                                                                      
      1600                                                                      
      1250                                                                      
      2975                                                                      
      1250                                                                      
      2850                                                                      
      2450                                                                      
      3000                                                                      
      5000                                                                      
      1500                                                                      
      1100                                                                      

       SAL                                                                      
----------                                                                      
       950                                                                      
      3000                                                                      
      1300                                                                      

14 개의 행이 선택되었습니다.

SQL> select sum(sal )from emp;

  SUM(SAL)                                                                      
----------                                                                      
     29025                                                                      

SQL> select avg(sal) from emp;

  AVG(SAL)                                                                      
----------                                                                      
2073.21429                                                                      

SQL> select avg(sal,sal) from emp;
select avg(sal,sal) from emp
       *
1행에 오류:
ORA-00909: 인수의 개수가 부적합합니다 


SQL> select avg(empno) from emp;

AVG(EMPNO)                                                                      
----------                                                                      
7726.57143                                                                      

SQL> select min(sal) from emp;

  MIN(SAL)                                                                      
----------                                                                      
       800                                                                      

SQL> select avg(sal) from emp where sal<2073;

  AVG(SAL)                                                                      
----------                                                                      
   1218.75                                                                      

SQL> select avg(sal) from emp where sal>2073;

  AVG(SAL)                                                                      
----------                                                                      
    3212.5                                                                      

SQL> spool off
