SQL> select avg(sal) from emp where deptno=30;

  AVG(SAL)                                                                      
----------                                                                      
1566.66667                                                                      

SQL> select avg(sal) from emp group by deptno;

  AVG(SAL)                                                                      
----------                                                                      
1566.66667                                                                      
      2175                                                                      
2916.66667                                                                      

SQL> select avg(sal) from emp group by empno;

  AVG(SAL)                                                                      
----------                                                                      
       800                                                                      
      1600                                                                      
      1250                                                                      
      2975                                                                      
      1250                                                                      
      2850                                                                      
      2450                                                                      
      3000                                                                      
      5000                                                                      
      1500                                                                      
      1100                                                                      

  AVG(SAL)                                                                      
----------                                                                      
       950                                                                      
      3000                                                                      
      1300                                                                      

14 개의 행이 선택되었습니다.

SQL> select deptno,avg(sal) from emp group by deptno;

    DEPTNO   AVG(SAL)                                                           
---------- ----------                                                           
        30 1566.66667                                                           
        20       2175                                                           
        10 2916.66667                                                           

SQL> select deptno,avg(sal) from emp where sal<2073 group by deptno;

    DEPTNO   AVG(SAL)                                                           
---------- ----------                                                           
        30       1310                                                           
        20        950                                                           
        10       1300                                                           

SQL> select sum(sal), avg(sal) from emp;

  SUM(SAL)   AVG(SAL)                                                           
---------- ----------                                                           
     29025 2073.21429                                                           

SQL> select deptno,avg(sal) from emp group by deptno having avg(sal)<2073;

    DEPTNO   AVG(SAL)                                                           
---------- ----------                                                           
        30 1566.66667                                                           

SQL> select deptno,avg(sal) from emp group by deptno having avg(sal)<2000;

    DEPTNO   AVG(SAL)                                                           
---------- ----------                                                           
        30 1566.66667                                                           

SQL> group by에 조건을 걸기 위해 등장한게 having 조건문이다
SP2-0734: "group by에..."(으)로 시작되는 알 수 없는 명령 - 나머지 줄은 무시되었습니다.
SQL> desc ex13;
 이름                                      널?      유형
 ----------------------------------------- -------- ----------------------------
 SABUN                                              NUMBER(4)
 NAME                                               VARCHAR2(15)
 NALJA                                              DATE

SQL> select * ex13;l
  2  
SQL> select * from ex13;

     SABUN NAME                           NALJA                                 
---------- ------------------------------ --------                              
      1111 test1                          20/01/01                              

SQL> delete from ex13;

1 행이 삭제되었습니다.

SQL> select * from ex13;

선택된 레코드가 없습니다.

SQL> alter table ex13
  2  add(pay number);

테이블이 변경되었습니다.

SQL> desc ex13;
 이름                                      널?      유형
 ----------------------------------------- -------- ----------------------------
 SABUN                                              NUMBER(4)
 NAME                                               VARCHAR2(15)
 NALJA                                              DATE
 PAY                                                NUMBER

SQL> alter table ex13 modify(pay number(4));

테이블이 변경되었습니다.

SQL> desc ex13;
 이름                                      널?      유형
 ----------------------------------------- -------- ----------------------------
 SABUN                                              NUMBER(4)
 NAME                                               VARCHAR2(15)
 NALJA                                              DATE
 PAY                                                NUMBER(4)

SQL> alter table ex13 modify(pay number(4));

테이블이 변경되었습니다.

SQL> modify(칼럼명 타입(크기));
SP2-0734: "modify(칼..."(으)로 시작되는 알 수 없는 명령 - 나머지 줄은 무시되었습니다.
SQL> alter table ex13 drop (pay);

테이블이 변경되었습니다.

SQL> desc ex13;
 이름                                      널?      유형
 ----------------------------------------- -------- ----------------------------
 SABUN                                              NUMBER(4)
 NAME                                               VARCHAR2(15)
 NALJA                                              DATE

SQL>  O K VERY
SP2-0042: 알 수 없는 명령어 "O K VERY" - 나머지 줄 무시.
SQL> insert into ex13 values (1111,'test1',sysdate);

1 개의 행이 만들어졌습니다.

SQL> select * from ex13;

     SABUN NAME                           NALJA                                 
---------- ------------------------------ --------                              
      1111 test1                          20/06/24                              

SQL> alter table ex13 add(pay number(4));

테이블이 변경되었습니다.

SQL> select * from ex13;

     SABUN NAME                           NALJA           PAY                   
---------- ------------------------------ -------- ----------                   
      1111 test1                          20/06/24                              

SQL> insert into ex13 values (2222,'test2',sysdate);
insert into ex13 values (2222,'test2',sysdate)
            *
1행에 오류:
ORA-00947: 값의 수가 충분하지 않습니다 


SQL> insert into ex13 values (2222,'test2',sysdate,200);

1 개의 행이 만들어졌습니다.

SQL> alter table ex13 modify(pay number);

테이블이 변경되었습니다.

SQL> insert into ex13 values (2222,'test2',sysdate,200);

1 개의 행이 만들어졌습니다.

SQL> select * from ex13;

     SABUN NAME                           NALJA           PAY                   
---------- ------------------------------ -------- ----------                   
      2222 test2                          20/06/24        200                   
      1111 test1                          20/06/24                              
      2222 test2                          20/06/24        200                   

SQL> alter table ex13 modify (pay number(3));
alter table ex13 modify (pay number(3))
                         *
1행에 오류:
ORA-01440: 정도 또는 자리수를 축소할 열은 비어 있어야 합니다 


SQL> alter table ex13 modify (pay number(1));
alter table ex13 modify (pay number(1))
                         *
1행에 오류:
ORA-01440: 정도 또는 자리수를 축소할 열은 비어 있어야 합니다 


SQL> alter table ex13 modify (pay number(4));
alter table ex13 modify (pay number(4))
                         *
1행에 오류:
ORA-01440: 정도 또는 자리수를 축소할 열은 비어 있어야 합니다 


SQL> udate ex13 set pay=null;
SP2-0734: "udate ex13..."(으)로 시작되는 알 수 없는 명령 - 나머지 줄은 무시되었습니다.
SQL> update ex13 set pay=null;

3 행이 갱신되었습니다.

SQL> alter table ex13 modify (pay number(4));

테이블이 변경되었습니다.

SQL> select * from ex13;

     SABUN NAME                           NALJA           PAY                   
---------- ------------------------------ -------- ----------                   
      2222 test2                          20/06/24                              
      1111 test1                          20/06/24                              
      2222 test2                          20/06/24                              

SQL> delete from ex13 where sabun=2222;

2 행이 삭제되었습니다.

SQL> insert into ex13 values ('2222','test2',sysdate);
insert into ex13 values ('2222','test2',sysdate)
            *
1행에 오류:
ORA-00947: 값의 수가 충분하지 않습니다 


SQL> insert into ex13 values ('2222','test2',sysdate,null);

1 개의 행이 만들어졌습니다.

SQL> insert into ex13 values ('3333','test3',sysdate,0);

1 개의 행이 만들어졌습니다.

SQL> select * from ex13;

     SABUN NAME                           NALJA           PAY                   
---------- ------------------------------ -------- ----------                   
      1111 test1                          20/06/24                              
      2222 test2                          20/06/24                              
      3333 test3                          20/06/24          0                   

SQL> alter table ex13 drop(pay);

테이블이 변경되었습니다.

SQL> select * from ex13;

     SABUN NAME                           NALJA                                 
---------- ------------------------------ --------                              
      1111 test1                          20/06/24                              
      2222 test2                          20/06/24                              
      3333 test3                          20/06/24                              

SQL> alter table ex13 add(pay number);

테이블이 변경되었습니다.

SQL> select * from ex13;

     SABUN NAME                           NALJA           PAY                   
---------- ------------------------------ -------- ----------                   
      1111 test1                          20/06/24                              
      2222 test2                          20/06/24                              
      3333 test3                          20/06/24                              

SQL> alter table ex13 drop column pay;

테이블이 변경되었습니다.

SQL> select * from ex13;

     SABUN NAME                           NALJA                                 
---------- ------------------------------ --------                              
      1111 test1                          20/06/24                              
      2222 test2                          20/06/24                              
      3333 test3                          20/06/24                              

SQL> alter table ex13 modify column(pay);
alter table ex13 modify column(pay)
                                  *
1행에 오류:
ORA-00905: 누락된 키워드 


SQL> alter table ex13 modify column(pay number);
alter table ex13 modify column(pay number)
                                   *
1행에 오류:
ORA-00907: 누락된 우괄호 


SQL> alter table ex13 modify column pay;
alter table ex13 modify column pay
                                 *
1행에 오류:
ORA-00905: 누락된 키워드 


SQL> drop table ex13;

테이블이 삭제되었습니다.

SQL> select * from ex13;
select * from ex13
              *
1행에 오류:
ORA-00942: 테이블 또는 뷰가 존재하지 않습니다 


SQL> select * from ex13;
select * from ex13
              *
1행에 오류:
ORA-00942: 테이블 또는 뷰가 존재하지 않습니다 


SQL> desc ex13;
ERROR:
ORA-04043: ex13 객체는 존재하지 않습니다. 


SQL> create table ex13 add(name varchar2(10));
create table ex13 add(name varchar2(10))
                  *
1행에 오류:
ORA-00922: 누락된 또는 부적합한 옵션 


SQL> create table ex13(num number);

테이블이 생성되었습니다.

SQL> alter table ex13 add(name varchar2(10));

테이블이 변경되었습니다.

SQL> desc ex13;
 이름                                      널?      유형
 ----------------------------------------- -------- ----------------------------
 NUM                                                NUMBER
 NAME                                               VARCHAR2(10)

SQL> rename ex13 to ex14;

테이블 이름이 변경되었습니다.

SQL> desc ex13;
ERROR:
ORA-04043: ex13 객체는 존재하지 않습니다. 


SQL> desc ex14;
 이름                                      널?      유형
 ----------------------------------------- -------- ----------------------------
 NUM                                                NUMBER
 NAME                                               VARCHAR2(10)

SQL> drop table ex14;

테이블이 삭제되었습니다.

SQL> spool off
