SQL> select * from ex21 cross join ex20;

       NUM JOB                                 SABUN                            
---------- ------------------------------ ----------                            
NAME                                  NUM                                       
------------------------------ ----------                                       
         1 영업                                 1111                            
user1                                   1                                       
                                                                                
         2 회계                                 1111                            
user1                                   1                                       
                                                                                
         3 생산                                 1111                            
user1                                   1                                       
                                                                                

       NUM JOB                                 SABUN                            
---------- ------------------------------ ----------                            
NAME                                  NUM                                       
------------------------------ ----------                                       
         4 관리                                 1111                            
user1                                   1                                       
                                                                                
         1 영업                                 2222                            
user2                                   2                                       
                                                                                
         2 회계                                 2222                            
user2                                   2                                       
                                                                                

       NUM JOB                                 SABUN                            
---------- ------------------------------ ----------                            
NAME                                  NUM                                       
------------------------------ ----------                                       
         3 생산                                 2222                            
user2                                   2                                       
                                                                                
         4 관리                                 2222                            
user2                                   2                                       
                                                                                
         1 영업                                 3333                            
user3                                   3                                       
                                                                                

       NUM JOB                                 SABUN                            
---------- ------------------------------ ----------                            
NAME                                  NUM                                       
------------------------------ ----------                                       
         2 회계                                 3333                            
user3                                   3                                       
                                                                                
         3 생산                                 3333                            
user3                                   3                                       
                                                                                
         4 관리                                 3333                            
user3                                   3                                       
                                                                                

       NUM JOB                                 SABUN                            
---------- ------------------------------ ----------                            
NAME                                  NUM                                       
------------------------------ ----------                                       
         1 영업                                 4444                            
user4                                   1                                       
                                                                                
         2 회계                                 4444                            
user4                                   1                                       
                                                                                
         3 생산                                 4444                            
user4                                   1                                       
                                                                                

       NUM JOB                                 SABUN                            
---------- ------------------------------ ----------                            
NAME                                  NUM                                       
------------------------------ ----------                                       
         4 관리                                 4444                            
user4                                   1                                       
                                                                                

16 개의 행이 선택되었습니다.

SQL> select ex21.job,ex20.name,ex21.num,ex20.num from ex21 inner join ex20 on ex21.num=ex20.num;

JOB                            NAME                                  NUM        
------------------------------ ------------------------------ ----------        
       NUM                                                                      
----------                                                                      
영업                           user1                                   1        
         1                                                                      
                                                                                
회계                           user2                                   2        
         2                                                                      
                                                                                
생산                           user3                                   3        
         3                                                                      
                                                                                

JOB                            NAME                                  NUM        
------------------------------ ------------------------------ ----------        
       NUM                                                                      
----------                                                                      
영업                           user4                                   1        
         1                                                                      
                                                                                

SQL> select ex21.job,ex20.name from ex21 inner join ex20 on ex21.num=ex20.num;

JOB                            NAME                                             
------------------------------ ------------------------------                   
영업                           user1                                            
회계                           user2                                            
생산                           user3                                            
영업                           user4                                            

SQL> select A.job,B.name from ex21 A inner join ex20 B on A.num=B.num;

JOB                            NAME                                             
------------------------------ ------------------------------                   
영업                           user1                                            
회계                           user2                                            
생산                           user3                                            
영업                           user4                                            

SQL> select a.job,b.name from ex21 ex21 a inner join ex20 b using (sum);
select a.job,b.name from ex21 ex21 a inner join ex20 b using (sum)
                                   *
1행에 오류:
ORA-00933: SQL 명령어가 올바르게 종료되지 않았습니다 


SQL> select a.job,b.name from ex21 a inner join ex20 b using (sum);
select a.job,b.name from ex21 a inner join ex20 b using (sum)
                                                         *
1행에 오류:
ORA-00904: "B"."SUM": 부적합한 식별자 


SQL> select a.job,b.name from ex21 a inner join ex20 b using (num);

JOB                            NAME                                             
------------------------------ ------------------------------                   
영업                           user1                                            
회계                           user2                                            
생산                           user3                                            
영업                           user4                                            

SQL> select name,job from ex21 natural join ex20;

NAME                           JOB                                              
------------------------------ ------------------------------                   
user1                          영업                                             
user2                          회계                                             
user3                          생산                                             
user4                          영업                                             

SQL> insert into 5555 ex20 values (5555,'uesr5',5);
insert into 5555 ex20 values (5555,'uesr5',5)
            *
1행에 오류:
ORA-00903: 테이블명이 부적합합니다 


SQL> insert into ex20 values (5555,'uesr5',5);
insert into ex20 values (5555,'uesr5',5)
*
1행에 오류:
ORA-02291: 무결성 제약조건(SCOTT.EX20_NUM_FK)이 위배되었습니다- 부모 키가
없습니다 


SQL> select a.ename,b.ename from emp a inner join emp b on a.mgr=b.empno;

ENAME                ENAME                                                      
-------------------- --------------------                                       
SMITH                FORD                                                       
ALLEN                BLAKE                                                      
WARD                 BLAKE                                                      
JONES                KING                                                       
MARTIN               BLAKE                                                      
BLAKE                KING                                                       
CLARK                KING                                                       
SCOTT                JONES                                                      
TURNER               BLAKE                                                      
ADAMS                SCOTT                                                      
JAMES                BLAKE                                                      

ENAME                ENAME                                                      
-------------------- --------------------                                       
FORD                 JONES                                                      
MILLER               CLARK                                                      

13 개의 행이 선택되었습니다.

SQL> spool off
