SQL> select * from ex20,ex21
  2  ;

선택된 레코드가 없습니다.

SQL> insert into ex21 values (1,'영업');

1 개의 행이 만들어졌습니다.

SQL> insert into ex21 values (2,'회계');

1 개의 행이 만들어졌습니다.

SQL> insert into ex21 values (3,'생산');

1 개의 행이 만들어졌습니다.

SQL> insert into ex21 values (4,'총무');

1 개의 행이 만들어졌습니다.

SQL> insert into ex21 values (5,'관리');

1 개의 행이 만들어졌습니다.

SQL> insert into ex20 valuse (1111,'user1',1);
insert into ex20 valuse (1111,'user1',1)
                         *
1행에 오류:
ORA-00928: 누락된 SELECT 키워드 


SQL> insert into ex20 values (1111,'user1',1);

1 개의 행이 만들어졌습니다.

SQL> insert into ex20 valuse (2222,'user2',2);
insert into ex20 valuse (2222,'user2',2)
                         *
1행에 오류:
ORA-00928: 누락된 SELECT 키워드 


SQL> insert into ex20 values (2222,'user2',2);

1 개의 행이 만들어졌습니다.

SQL> delete from ex21 where num=4;

1 행이 삭제되었습니다.

SQL> delete from ex21 where num=5;

1 행이 삭제되었습니다.

SQL> select * from ex21;

       NUM JOB                                                                  
---------- ------------------------------                                       
         1 영업                                                                 
         2 회계                                                                 
         3 생산                                                                 

SQL> insert into ex20 values (3333,'user3',3;
insert into ex20 values (3333,'user3',3
                                      *
1행에 오류:
ORA-00917: 누락된 콤마 


SQL> insert into ex20 values (3333,'user3',3);

1 개의 행이 만들어졌습니다.

SQL> insert into ex20 values (4444,'user4',4);
insert into ex20 values (4444,'user4',4)
*
1행에 오류:
ORA-02291: 무결성 제약조건(SCOTT.EX20_NUM_FK)이 위배되었습니다- 부모 키가
없습니다 


SQL> select * from ex20,ex21;

     SABUN NAME                                  NUM        NUM                 
---------- ------------------------------ ---------- ----------                 
JOB                                                                             
------------------------------                                                  
      1111 user1                                   1          1                 
영업                                                                            
                                                                                
      1111 user1                                   1          2                 
회계                                                                            
                                                                                
      1111 user1                                   1          3                 
생산                                                                            
                                                                                

     SABUN NAME                                  NUM        NUM                 
---------- ------------------------------ ---------- ----------                 
JOB                                                                             
------------------------------                                                  
      2222 user2                                   2          1                 
영업                                                                            
                                                                                
      2222 user2                                   2          2                 
회계                                                                            
                                                                                
      2222 user2                                   2          3                 
생산                                                                            
                                                                                

     SABUN NAME                                  NUM        NUM                 
---------- ------------------------------ ---------- ----------                 
JOB                                                                             
------------------------------                                                  
      3333 user3                                   3          1                 
영업                                                                            
                                                                                
      3333 user3                                   3          2                 
회계                                                                            
                                                                                
      3333 user3                                   3          3                 
생산                                                                            
                                                                                

9 개의 행이 선택되었습니다.

SQL> select * from ex20,ex21 where num=num;
select * from ex20,ex21 where num=num
                                  *
1행에 오류:
ORA-00918: 열의 정의가 애매합니다 


SQL> select * from ex20,ex21 where ex20.num=ex21.num;

     SABUN NAME                                  NUM        NUM                 
---------- ------------------------------ ---------- ----------                 
JOB                                                                             
------------------------------                                                  
      1111 user1                                   1          1                 
영업                                                                            
                                                                                
      2222 user2                                   2          2                 
회계                                                                            
                                                                                
      3333 user3                                   3          3                 
생산                                                                            
                                                                                

SQL> insert into ex20 values (4444,'user4',1);

1 개의 행이 만들어졌습니다.

SQL> select * from ex20,ex21 where ex20.num=ex21.num;

     SABUN NAME                                  NUM        NUM                 
---------- ------------------------------ ---------- ----------                 
JOB                                                                             
------------------------------                                                  
      4444 user4                                   1          1                 
영업                                                                            
                                                                                
      1111 user1                                   1          1                 
영업                                                                            
                                                                                
      2222 user2                                   2          2                 
회계                                                                            
                                                                                

     SABUN NAME                                  NUM        NUM                 
---------- ------------------------------ ---------- ----------                 
JOB                                                                             
------------------------------                                                  
      3333 user3                                   3          3                 
생산                                                                            
                                                                                

SQL> select name,job from ex20,ex21 where ex20.num=ex21.num;

NAME                           JOB                                              
------------------------------ ------------------------------                   
user1                          영업                                             
user2                          회계                                             
user3                          생산                                             
user4                          영업                                             

SQL> select sabun,name,job from ex20,ex21 where ex20.num=ex21.num;

     SABUN NAME                           JOB                                   
---------- ------------------------------ ------------------------------        
      1111 user1                          영업                                  
      2222 user2                          회계                                  
      3333 user3                          생산                                  
      4444 user4                          영업                                  

SQL> select sabun,name,num,job from ex20,ex21 where ex20.num=ex21.num;
select sabun,name,num,job from ex20,ex21 where ex20.num=ex21.num
                  *
1행에 오류:
ORA-00918: 열의 정의가 애매합니다 


SQL> select sabun,name,ex21.num,job from ex20,ex21 where ex20.num=ex21.num;

     SABUN NAME                                  NUM                            
---------- ------------------------------ ----------                            
JOB                                                                             
------------------------------                                                  
      1111 user1                                   1                            
영업                                                                            
                                                                                
      2222 user2                                   2                            
회계                                                                            
                                                                                
      3333 user3                                   3                            
생산                                                                            
                                                                                

     SABUN NAME                                  NUM                            
---------- ------------------------------ ----------                            
JOB                                                                             
------------------------------                                                  
      4444 user4                                   1                            
영업                                                                            
                                                                                

SQL> select sabun,name,ex20.num,job from ex20,ex21 where ex20.num=ex21.num;

     SABUN NAME                                  NUM                            
---------- ------------------------------ ----------                            
JOB                                                                             
------------------------------                                                  
      1111 user1                                   1                            
영업                                                                            
                                                                                
      2222 user2                                   2                            
회계                                                                            
                                                                                
      3333 user3                                   3                            
생산                                                                            
                                                                                

     SABUN NAME                                  NUM                            
---------- ------------------------------ ----------                            
JOB                                                                             
------------------------------                                                  
      4444 user4                                   1                            
영업                                                                            
                                                                                

SQL> select name,job, from ex20 A ,ex21 B where A.num=B.num;
select name,job, from ex20 A ,ex21 B where A.num=B.num
                 *
1행에 오류:
ORA-00936: 누락된 표현식 


SQL> select name,job from ex20 A ,ex21 B where A.num=B.num;

NAME                           JOB                                              
------------------------------ ------------------------------                   
user1                          영업                                             
user2                          회계                                             
user3                          생산                                             
user4                          영업                                             

SQL> select A.num,name,job from ex20 A ,ex21 B where A.num=B.num;

       NUM NAME                           JOB                                   
---------- ------------------------------ ------------------------------        
         1 user1                          영업                                  
         2 user2                          회계                                  
         3 user3                          생산                                  
         1 user4                          영업                                  

SQL> select A.num,A.name,B.job from ex20 A ,ex21 B where A.num=B.num;

       NUM NAME                           JOB                                   
---------- ------------------------------ ------------------------------        
         1 user1                          영업                                  
         2 user2                          회계                                  
         3 user3                          생산                                  
         1 user4                          영업                                  

SQL> select A.num,A.name,B.job from ex20 A ,ex21 B where A.num!=B.num;

       NUM NAME                           JOB                                   
---------- ------------------------------ ------------------------------        
         2 user2                          영업                                  
         3 user3                          영업                                  
         1 user1                          회계                                  
         3 user3                          회계                                  
         1 user4                          회계                                  
         1 user1                          생산                                  
         2 user2                          생산                                  
         1 user4                          생산                                  

8 개의 행이 선택되었습니다.

SQL> select * from ex21;

       NUM JOB                                                                  
---------- ------------------------------                                       
         1 영업                                                                 
         2 회계                                                                 
         3 생산                                                                 

SQL> select * from ex20;

     SABUN NAME                                  NUM                            
---------- ------------------------------ ----------                            
      1111 user1                                   1                            
      2222 user2                                   2                            
      3333 user3                                   3                            
      4444 user4                                   1                            

SQL> insert into ex21 values (4,'관리);
ERROR:
ORA-01756: 단일 인용부를 지정해 주십시오 


SQL> insert into ex21 values (4,'관리');

1 개의 행이 만들어졌습니다.

SQL> select * from ex20 a,ex21 b;

     SABUN NAME                                  NUM        NUM                 
---------- ------------------------------ ---------- ----------                 
JOB                                                                             
------------------------------                                                  
      1111 user1                                   1          1                 
영업                                                                            
                                                                                
      1111 user1                                   1          2                 
회계                                                                            
                                                                                
      1111 user1                                   1          3                 
생산                                                                            
                                                                                

     SABUN NAME                                  NUM        NUM                 
---------- ------------------------------ ---------- ----------                 
JOB                                                                             
------------------------------                                                  
      1111 user1                                   1          4                 
관리                                                                            
                                                                                
      2222 user2                                   2          1                 
영업                                                                            
                                                                                
      2222 user2                                   2          2                 
회계                                                                            
                                                                                

     SABUN NAME                                  NUM        NUM                 
---------- ------------------------------ ---------- ----------                 
JOB                                                                             
------------------------------                                                  
      2222 user2                                   2          3                 
생산                                                                            
                                                                                
      2222 user2                                   2          4                 
관리                                                                            
                                                                                
      3333 user3                                   3          1                 
영업                                                                            
                                                                                

     SABUN NAME                                  NUM        NUM                 
---------- ------------------------------ ---------- ----------                 
JOB                                                                             
------------------------------                                                  
      3333 user3                                   3          2                 
회계                                                                            
                                                                                
      3333 user3                                   3          3                 
생산                                                                            
                                                                                
      3333 user3                                   3          4                 
관리                                                                            
                                                                                

     SABUN NAME                                  NUM        NUM                 
---------- ------------------------------ ---------- ----------                 
JOB                                                                             
------------------------------                                                  
      4444 user4                                   1          1                 
영업                                                                            
                                                                                
      4444 user4                                   1          2                 
회계                                                                            
                                                                                
      4444 user4                                   1          3                 
생산                                                                            
                                                                                

     SABUN NAME                                  NUM        NUM                 
---------- ------------------------------ ---------- ----------                 
JOB                                                                             
------------------------------                                                  
      4444 user4                                   1          4                 
관리                                                                            
                                                                                

16 개의 행이 선택되었습니다.

SQL> select * from ex20 a,ex21 b where a.num=b.num;

     SABUN NAME                                  NUM        NUM                 
---------- ------------------------------ ---------- ----------                 
JOB                                                                             
------------------------------                                                  
      4444 user4                                   1          1                 
영업                                                                            
                                                                                
      1111 user1                                   1          1                 
영업                                                                            
                                                                                
      2222 user2                                   2          2                 
회계                                                                            
                                                                                

     SABUN NAME                                  NUM        NUM                 
---------- ------------------------------ ---------- ----------                 
JOB                                                                             
------------------------------                                                  
      3333 user3                                   3          3                 
생산                                                                            
                                                                                

SQL> select * from ex20 a,ex21 b where a.num!=b.num;

     SABUN NAME                                  NUM        NUM                 
---------- ------------------------------ ---------- ----------                 
JOB                                                                             
------------------------------                                                  
      1111 user1                                   1          2                 
회계                                                                            
                                                                                
      1111 user1                                   1          3                 
생산                                                                            
                                                                                
      1111 user1                                   1          4                 
관리                                                                            
                                                                                

     SABUN NAME                                  NUM        NUM                 
---------- ------------------------------ ---------- ----------                 
JOB                                                                             
------------------------------                                                  
      2222 user2                                   2          1                 
영업                                                                            
                                                                                
      2222 user2                                   2          3                 
생산                                                                            
                                                                                
      2222 user2                                   2          4                 
관리                                                                            
                                                                                

     SABUN NAME                                  NUM        NUM                 
---------- ------------------------------ ---------- ----------                 
JOB                                                                             
------------------------------                                                  
      3333 user3                                   3          1                 
영업                                                                            
                                                                                
      3333 user3                                   3          2                 
회계                                                                            
                                                                                
      3333 user3                                   3          4                 
관리                                                                            
                                                                                

     SABUN NAME                                  NUM        NUM                 
---------- ------------------------------ ---------- ----------                 
JOB                                                                             
------------------------------                                                  
      4444 user4                                   1          2                 
회계                                                                            
                                                                                
      4444 user4                                   1          3                 
생산                                                                            
                                                                                
      4444 user4                                   1          4                 
관리                                                                            
                                                                                

12 개의 행이 선택되었습니다.

SQL> select * from ex20 a,ex21 b where a.num=b.num;

     SABUN NAME                                  NUM        NUM                 
---------- ------------------------------ ---------- ----------                 
JOB                                                                             
------------------------------                                                  
      4444 user4                                   1          1                 
영업                                                                            
                                                                                
      1111 user1                                   1          1                 
영업                                                                            
                                                                                
      2222 user2                                   2          2                 
회계                                                                            
                                                                                

     SABUN NAME                                  NUM        NUM                 
---------- ------------------------------ ---------- ----------                 
JOB                                                                             
------------------------------                                                  
      3333 user3                                   3          3                 
생산                                                                            
                                                                                

SQL> select * from ex20 a,ex21 b where b.num=a.num(+);

     SABUN NAME                                  NUM        NUM                 
---------- ------------------------------ ---------- ----------                 
JOB                                                                             
------------------------------                                                  
      1111 user1                                   1          1                 
영업                                                                            
                                                                                
      2222 user2                                   2          2                 
회계                                                                            
                                                                                
      3333 user3                                   3          3                 
생산                                                                            
                                                                                

     SABUN NAME                                  NUM        NUM                 
---------- ------------------------------ ---------- ----------                 
JOB                                                                             
------------------------------                                                  
      4444 user4                                   1          1                 
영업                                                                            
                                                                                
                                                              4                 
관리                                                                            
                                                                                

SQL> select a.job,b.name from ex20 a,ex21 b where b.num=a.num(+);
select a.job,b.name from ex20 a,ex21 b where b.num=a.num(+)
             *
1행에 오류:
ORA-00904: "B"."NAME": 부적합한 식별자 


SQL> select a.job,b.name from ex20 b,ex21 a where b.num=a.num(+);

JOB                            NAME                                             
------------------------------ ------------------------------                   
영업                           user4                                            
영업                           user1                                            
회계                           user2                                            
생산                           user3                                            

SQL> select ename,mgr from emp;

ENAME                       MGR                                                 
-------------------- ----------                                                 
SMITH                      7902                                                 
ALLEN                      7698                                                 
WARD                       7698                                                 
JONES                      7839                                                 
MARTIN                     7698                                                 
BLAKE                      7839                                                 
CLARK                      7839                                                 
SCOTT                      7566                                                 
KING                                                                            
TURNER                     7698                                                 
ADAMS                      7788                                                 

ENAME                       MGR                                                 
-------------------- ----------                                                 
JAMES                      7698                                                 
FORD                       7566                                                 
MILLER                     7782                                                 

14 개의 행이 선택되었습니다.

SQL> select empno,mgr from emp;

     EMPNO        MGR                                                           
---------- ----------                                                           
      7369       7902                                                           
      7499       7698                                                           
      7521       7698                                                           
      7566       7839                                                           
      7654       7698                                                           
      7698       7839                                                           
      7782       7839                                                           
      7788       7566                                                           
      7839                                                                      
      7844       7698                                                           
      7876       7788                                                           

     EMPNO        MGR                                                           
---------- ----------                                                           
      7900       7698                                                           
      7902       7566                                                           
      7934       7782                                                           

14 개의 행이 선택되었습니다.

SQL> select * from emp,emp;
select * from emp,emp
       *
1행에 오류:
ORA-00918: 열의 정의가 애매합니다 


SQL> select * from emp a ,emp b;

     EMPNO ENAME                JOB                       MGR HIREDATE          
---------- -------------------- ------------------ ---------- --------          
       SAL       COMM     DEPTNO      EMPNO ENAME                               
---------- ---------- ---------- ---------- --------------------                
JOB                       MGR HIREDATE        SAL       COMM     DEPTNO         
------------------ ---------- -------- ---------- ---------- ----------         
      7369 SMITH                CLERK                    7902 80/12/17          
       800                    20       7369 SMITH                               
CLERK                    7902 80/12/17        800                    20         
                                                                                
      7369 SMITH                CLERK                    7902 80/12/17          
       800                    20       7499 ALLEN                               
SALESMAN                 7698 81/02/20       1600        300         30         

     EMPNO ENAME                JOB                       MGR HIREDATE          
---------- -------------------- ------------------ ---------- --------          
       SAL       COMM     DEPTNO      EMPNO ENAME                               
---------- ---------- ---------- ---------- --------------------                
JOB                       MGR HIREDATE        SAL       COMM     DEPTNO         
------------------ ---------- -------- ---------- ---------- ----------         
                                                                                
      7369 SMITH                CLERK                    7902 80/12/17          
       800                    20       7521 WARD                                
SALESMAN                 7698 81/02/22       1250        500         30         
                                                                                
      7369 SMITH                CLERK                    7902 80/12/17          
       800                    20       7566 JONES                               

     EMPNO ENAME                JOB                       MGR HIREDATE          
---------- -------------------- ------------------ ---------- --------          
       SAL       COMM     DEPTNO      EMPNO ENAME                               
---------- ---------- ---------- ---------- --------------------                
JOB                       MGR HIREDATE        SAL       COMM     DEPTNO         
------------------ ---------- -------- ---------- ---------- ----------         
MANAGER                  7839 81/04/02       2975                    20         
                                                                                
      7369 SMITH                CLERK                    7902 80/12/17          
       800                    20       7654 MARTIN                              
SALESMAN                 7698 81/09/28       1250       1400         30         
                                                                                
      7369 SMITH                CLERK                    7902 80/12/17          

     EMPNO ENAME                JOB                       MGR HIREDATE          
---------- -------------------- ------------------ ---------- --------          
       SAL       COMM     DEPTNO      EMPNO ENAME                               
---------- ---------- ---------- ---------- --------------------                
JOB                       MGR HIREDATE        SAL       COMM     DEPTNO         
------------------ ---------- -------- ---------- ---------- ----------         
       800                    20       7698 BLAKE                               
MANAGER                  7839 81/05/01       2850                    30         
                                                                                
      7369 SMITH                CLERK                    7902 80/12/17          
       800                    20       7782 CLARK                               
MANAGER                  7839 81/06/09       2450                    10         
                                                                                

     EMPNO ENAME                JOB                       MGR HIREDATE          
---------- -------------------- ------------------ ---------- --------          
       SAL       COMM     DEPTNO      EMPNO ENAME                               
---------- ---------- ---------- ---------- --------------------                
JOB                       MGR HIREDATE        SAL       COMM     DEPTNO         
------------------ ---------- -------- ---------- ---------- ----------         
      7369 SMITH                CLERK                    7902 80/12/17          
       800                    20       7788 SCOTT                               
ANALYST                  7566 87/04/19       3000                    20         
                                                                                
      7369 SMITH                CLERK                    7902 80/12/17          
       800                    20       7839 KING                                
PRESIDENT                     81/11/17       5000                    10         

     EMPNO ENAME                JOB                       MGR HIREDATE          
---------- -------------------- ------------------ ---------- --------          
       SAL       COMM     DEPTNO      EMPNO ENAME                               
---------- ---------- ---------- ---------- --------------------                
JOB                       MGR HIREDATE        SAL       COMM     DEPTNO         
------------------ ---------- -------- ---------- ---------- ----------         
                                                                                
      7369 SMITH                CLERK                    7902 80/12/17          
       800                    20       7844 TURNER                              
SALESMAN                 7698 81/09/08       1500          0         30         
                                                                                
      7369 SMITH                CLERK                    7902 80/12/17          
       800                    20       7876 ADAMS                               

     EMPNO ENAME                JOB                       MGR HIREDATE          
---------- -------------------- ------------------ ---------- --------          
       SAL       COMM     DEPTNO      EMPNO ENAME                               
---------- ---------- ---------- ---------- --------------------                
JOB                       MGR HIREDATE        SAL       COMM     DEPTNO         
------------------ ---------- -------- ---------- ---------- ----------         
CLERK                    7788 87/05/23       1100                    20         
                                                                                
      7369 SMITH                CLERK                    7902 80/12/17          
       800                    20       7900 JAMES                               
CLERK                    7698 81/12/03        950                    30         
                                                                                
      7369 SMITH                CLERK                    7902 80/12/17          

     EMPNO ENAME                JOB                       MGR HIREDATE          
---------- -------------------- ------------------ ---------- --------          
       SAL       COMM     DEPTNO      EMPNO ENAME                               
---------- ---------- ---------- ---------- --------------------                
JOB                       MGR HIREDATE        SAL       COMM     DEPTNO         
------------------ ---------- -------- ---------- ---------- ----------         
       800                    20       7902 FORD                                
ANALYST                  7566 81/12/03       3000                    20         
                                                                                
      7369 SMITH                CLERK                    7902 80/12/17          
       800                    20       7934 MILLER                              
CLERK                    7782 82/01/23       1300                    10         
                                                                                

     EMPNO ENAME                JOB                       MGR HIREDATE          
---------- -------------------- ------------------ ---------- --------          
       SAL       COMM     DEPTNO      EMPNO ENAME                               
---------- ---------- ---------- ---------- --------------------                
JOB                       MGR HIREDATE        SAL       COMM     DEPTNO         
------------------ ---------- -------- ---------- ---------- ----------         
      7499 ALLEN                SALESMAN                 7698 81/02/20          
      1600        300         30       7369 SMITH                               
CLERK                    7902 80/12/17        800                    20         
                                                                                
      7499 ALLEN                SALESMAN                 7698 81/02/20          
      1600        300         30       7499 ALLEN                               
SALESMAN                 7698 81/02/20       1600        300         30         

     EMPNO ENAME                JOB                       MGR HIREDATE          
---------- -------------------- ------------------ ---------- --------          
       SAL       COMM     DEPTNO      EMPNO ENAME                               
---------- ---------- ---------- ---------- --------------------                
JOB                       MGR HIREDATE        SAL       COMM     DEPTNO         
------------------ ---------- -------- ---------- ---------- ----------         
                                                                                
      7499 ALLEN                SALESMAN                 7698 81/02/20          
      1600        300         30       7521 WARD                                
SALESMAN                 7698 81/02/22       1250        500         30         
                                                                                
      7499 ALLEN                SALESMAN                 7698 81/02/20          
      1600        300         30       7566 JONES                               

     EMPNO ENAME                JOB                       MGR HIREDATE          
---------- -------------------- ------------------ ---------- --------          
       SAL       COMM     DEPTNO      EMPNO ENAME                               
---------- ---------- ---------- ---------- --------------------                
JOB                       MGR HIREDATE        SAL       COMM     DEPTNO         
------------------ ---------- -------- ---------- ---------- ----------         
MANAGER                  7839 81/04/02       2975                    20         
                                                                                
      7499 ALLEN                SALESMAN                 7698 81/02/20          
      1600        300         30       7654 MARTIN                              
SALESMAN                 7698 81/09/28       1250       1400         30         
                                                                                
      7499 ALLEN                SALESMAN                 7698 81/02/20          

     EMPNO ENAME                JOB                       MGR HIREDATE          
---------- -------------------- ------------------ ---------- --------          
       SAL       COMM     DEPTNO      EMPNO ENAME                               
---------- ---------- ---------- ---------- --------------------                
JOB                       MGR HIREDATE        SAL       COMM     DEPTNO         
------------------ ---------- -------- ---------- ---------- ----------         
      1600        300         30       7698 BLAKE                               
MANAGER                  7839 81/05/01       2850                    30         
                                                                                
      7499 ALLEN                SALESMAN                 7698 81/02/20          
      1600        300         30       7782 CLARK                               
MANAGER                  7839 81/06/09       2450                    10         
                                                                                

     EMPNO ENAME                JOB                       MGR HIREDATE          
---------- -------------------- ------------------ ---------- --------          
       SAL       COMM     DEPTNO      EMPNO ENAME                               
---------- ---------- ---------- ---------- --------------------                
JOB                       MGR HIREDATE        SAL       COMM     DEPTNO         
------------------ ---------- -------- ---------- ---------- ----------         
      7499 ALLEN                SALESMAN                 7698 81/02/20          
      1600        300         30       7788 SCOTT                               
ANALYST                  7566 87/04/19       3000                    20         
                                                                                
      7499 ALLEN                SALESMAN                 7698 81/02/20          
      1600        300         30       7839 KING                                
PRESIDENT                     81/11/17       5000                    10         

     EMPNO ENAME                JOB                       MGR HIREDATE          
---------- -------------------- ------------------ ---------- --------          
       SAL       COMM     DEPTNO      EMPNO ENAME                               
---------- ---------- ---------- ---------- --------------------                
JOB                       MGR HIREDATE        SAL       COMM     DEPTNO         
------------------ ---------- -------- ---------- ---------- ----------         
                                                                                
      7499 ALLEN                SALESMAN                 7698 81/02/20          
      1600        300         30       7844 TURNER                              
SALESMAN                 7698 81/09/08       1500          0         30         
                                                                                
      7499 ALLEN                SALESMAN                 7698 81/02/20          
      1600        300         30       7876 ADAMS                               

     EMPNO ENAME                JOB                       MGR HIREDATE          
---------- -------------------- ------------------ ---------- --------          
       SAL       COMM     DEPTNO      EMPNO ENAME                               
---------- ---------- ---------- ---------- --------------------                
JOB                       MGR HIREDATE        SAL       COMM     DEPTNO         
------------------ ---------- -------- ---------- ---------- ----------         
CLERK                    7788 87/05/23       1100                    20         
                                                                                
      7499 ALLEN                SALESMAN                 7698 81/02/20          
      1600        300         30       7900 JAMES                               
CLERK                    7698 81/12/03        950                    30         
                                                                                
      7499 ALLEN                SALESMAN                 7698 81/02/20          

     EMPNO ENAME                JOB                       MGR HIREDATE          
---------- -------------------- ------------------ ---------- --------          
       SAL       COMM     DEPTNO      EMPNO ENAME                               
---------- ---------- ---------- ---------- --------------------                
JOB                       MGR HIREDATE        SAL       COMM     DEPTNO         
------------------ ---------- -------- ---------- ---------- ----------         
      1600        300         30       7902 FORD                                
ANALYST                  7566 81/12/03       3000                    20         
                                                                                
      7499 ALLEN                SALESMAN                 7698 81/02/20          
      1600        300         30       7934 MILLER                              
CLERK                    7782 82/01/23       1300                    10         
                                                                                

     EMPNO ENAME                JOB                       MGR HIREDATE          
---------- -------------------- ------------------ ---------- --------          
       SAL       COMM     DEPTNO      EMPNO ENAME                               
---------- ---------- ---------- ---------- --------------------                
JOB                       MGR HIREDATE        SAL       COMM     DEPTNO         
------------------ ---------- -------- ---------- ---------- ----------         
      7521 WARD                 SALESMAN                 7698 81/02/22          
      1250        500         30       7369 SMITH                               
CLERK                    7902 80/12/17        800                    20         
                                                                                
      7521 WARD                 SALESMAN                 7698 81/02/22          
      1250        500         30       7499 ALLEN                               
SALESMAN                 7698 81/02/20       1600        300         30         

     EMPNO ENAME                JOB                       MGR HIREDATE          
---------- -------------------- ------------------ ---------- --------          
       SAL       COMM     DEPTNO      EMPNO ENAME                               
---------- ---------- ---------- ---------- --------------------                
JOB                       MGR HIREDATE        SAL       COMM     DEPTNO         
------------------ ---------- -------- ---------- ---------- ----------         
                                                                                
      7521 WARD                 SALESMAN                 7698 81/02/22          
      1250        500         30       7521 WARD                                
SALESMAN                 7698 81/02/22       1250        500         30         
                                                                                
      7521 WARD                 SALESMAN                 7698 81/02/22          
      1250        500         30       7566 JONES                               

     EMPNO ENAME                JOB                       MGR HIREDATE          
---------- -------------------- ------------------ ---------- --------          
       SAL       COMM     DEPTNO      EMPNO ENAME                               
---------- ---------- ---------- ---------- --------------------                
JOB                       MGR HIREDATE        SAL       COMM     DEPTNO         
------------------ ---------- -------- ---------- ---------- ----------         
MANAGER                  7839 81/04/02       2975                    20         
                                                                                
      7521 WARD                 SALESMAN                 7698 81/02/22          
      1250        500         30       7654 MARTIN                              
SALESMAN                 7698 81/09/28       1250       1400         30         
                                                                                
      7521 WARD                 SALESMAN                 7698 81/02/22          

     EMPNO ENAME                JOB                       MGR HIREDATE          
---------- -------------------- ------------------ ---------- --------          
       SAL       COMM     DEPTNO      EMPNO ENAME                               
---------- ---------- ---------- ---------- --------------------                
JOB                       MGR HIREDATE        SAL       COMM     DEPTNO         
------------------ ---------- -------- ---------- ---------- ----------         
      1250        500         30       7698 BLAKE                               
MANAGER                  7839 81/05/01       2850                    30         
                                                                                
      7521 WARD                 SALESMAN                 7698 81/02/22          
      1250        500         30       7782 CLARK                               
MANAGER                  7839 81/06/09       2450                    10         
                                                                                

     EMPNO ENAME                JOB                       MGR HIREDATE          
---------- -------------------- ------------------ ---------- --------          
       SAL       COMM     DEPTNO      EMPNO ENAME                               
---------- ---------- ---------- ---------- --------------------                
JOB                       MGR HIREDATE        SAL       COMM     DEPTNO         
------------------ ---------- -------- ---------- ---------- ----------         
      7521 WARD                 SALESMAN                 7698 81/02/22          
      1250        500         30       7788 SCOTT                               
ANALYST                  7566 87/04/19       3000                    20         
                                                                                
      7521 WARD                 SALESMAN                 7698 81/02/22          
      1250        500         30       7839 KING                                
PRESIDENT                     81/11/17       5000                    10         

     EMPNO ENAME                JOB                       MGR HIREDATE          
---------- -------------------- ------------------ ---------- --------          
       SAL       COMM     DEPTNO      EMPNO ENAME                               
---------- ---------- ---------- ---------- --------------------                
JOB                       MGR HIREDATE        SAL       COMM     DEPTNO         
------------------ ---------- -------- ---------- ---------- ----------         
                                                                                
      7521 WARD                 SALESMAN                 7698 81/02/22          
      1250        500         30       7844 TURNER                              
SALESMAN                 7698 81/09/08       1500          0         30         
                                                                                
      7521 WARD                 SALESMAN                 7698 81/02/22          
      1250        500         30       7876 ADAMS                               

     EMPNO ENAME                JOB                       MGR HIREDATE          
---------- -------------------- ------------------ ---------- --------          
       SAL       COMM     DEPTNO      EMPNO ENAME                               
---------- ---------- ---------- ---------- --------------------                
JOB                       MGR HIREDATE        SAL       COMM     DEPTNO         
------------------ ---------- -------- ---------- ---------- ----------         
CLERK                    7788 87/05/23       1100                    20         
                                                                                
      7521 WARD                 SALESMAN                 7698 81/02/22          
      1250        500         30       7900 JAMES                               
CLERK                    7698 81/12/03        950                    30         
                                                                                
      7521 WARD                 SALESMAN                 7698 81/02/22          

     EMPNO ENAME                JOB                       MGR HIREDATE          
---------- -------------------- ------------------ ---------- --------          
       SAL       COMM     DEPTNO      EMPNO ENAME                               
---------- ---------- ---------- ---------- --------------------                
JOB                       MGR HIREDATE        SAL       COMM     DEPTNO         
------------------ ---------- -------- ---------- ---------- ----------         
      1250        500         30       7902 FORD                                
ANALYST                  7566 81/12/03       3000                    20         
                                                                                
      7521 WARD                 SALESMAN                 7698 81/02/22          
      1250        500         30       7934 MILLER                              
CLERK                    7782 82/01/23       1300                    10         
                                                                                

     EMPNO ENAME                JOB                       MGR HIREDATE          
---------- -------------------- ------------------ ---------- --------          
       SAL       COMM     DEPTNO      EMPNO ENAME                               
---------- ---------- ---------- ---------- --------------------                
JOB                       MGR HIREDATE        SAL       COMM     DEPTNO         
------------------ ---------- -------- ---------- ---------- ----------         
      7566 JONES                MANAGER                  7839 81/04/02          
      2975                    20       7369 SMITH                               
CLERK                    7902 80/12/17        800                    20         
                                                                                
      7566 JONES                MANAGER                  7839 81/04/02          
      2975                    20       7499 ALLEN                               
SALESMAN                 7698 81/02/20       1600        300         30         

     EMPNO ENAME                JOB                       MGR HIREDATE          
---------- -------------------- ------------------ ---------- --------          
       SAL       COMM     DEPTNO      EMPNO ENAME                               
---------- ---------- ---------- ---------- --------------------                
JOB                       MGR HIREDATE        SAL       COMM     DEPTNO         
------------------ ---------- -------- ---------- ---------- ----------         
                                                                                
      7566 JONES                MANAGER                  7839 81/04/02          
      2975                    20       7521 WARD                                
SALESMAN                 7698 81/02/22       1250        500         30         
                                                                                
      7566 JONES                MANAGER                  7839 81/04/02          
      2975                    20       7566 JONES                               

     EMPNO ENAME                JOB                       MGR HIREDATE          
---------- -------------------- ------------------ ---------- --------          
       SAL       COMM     DEPTNO      EMPNO ENAME                               
---------- ---------- ---------- ---------- --------------------                
JOB                       MGR HIREDATE        SAL       COMM     DEPTNO         
------------------ ---------- -------- ---------- ---------- ----------         
MANAGER                  7839 81/04/02       2975                    20         
                                                                                
      7566 JONES                MANAGER                  7839 81/04/02          
      2975                    20       7654 MARTIN                              
SALESMAN                 7698 81/09/28       1250       1400         30         
                                                                                
      7566 JONES                MANAGER                  7839 81/04/02          

     EMPNO ENAME                JOB                       MGR HIREDATE          
---------- -------------------- ------------------ ---------- --------          
       SAL       COMM     DEPTNO      EMPNO ENAME                               
---------- ---------- ---------- ---------- --------------------                
JOB                       MGR HIREDATE        SAL       COMM     DEPTNO         
------------------ ---------- -------- ---------- ---------- ----------         
      2975                    20       7698 BLAKE                               
MANAGER                  7839 81/05/01       2850                    30         
                                                                                
      7566 JONES                MANAGER                  7839 81/04/02          
      2975                    20       7782 CLARK                               
MANAGER                  7839 81/06/09       2450                    10         
                                                                                

     EMPNO ENAME                JOB                       MGR HIREDATE          
---------- -------------------- ------------------ ---------- --------          
       SAL       COMM     DEPTNO      EMPNO ENAME                               
---------- ---------- ---------- ---------- --------------------                
JOB                       MGR HIREDATE        SAL       COMM     DEPTNO         
------------------ ---------- -------- ---------- ---------- ----------         
      7566 JONES                MANAGER                  7839 81/04/02          
      2975                    20       7788 SCOTT                               
ANALYST                  7566 87/04/19       3000                    20         
                                                                                
      7566 JONES                MANAGER                  7839 81/04/02          
      2975                    20       7839 KING                                
PRESIDENT                     81/11/17       5000                    10         

     EMPNO ENAME                JOB                       MGR HIREDATE          
---------- -------------------- ------------------ ---------- --------          
       SAL       COMM     DEPTNO      EMPNO ENAME                               
---------- ---------- ---------- ---------- --------------------                
JOB                       MGR HIREDATE        SAL       COMM     DEPTNO         
------------------ ---------- -------- ---------- ---------- ----------         
                                                                                
      7566 JONES                MANAGER                  7839 81/04/02          
      2975                    20       7844 TURNER                              
SALESMAN                 7698 81/09/08       1500          0         30         
                                                                                
      7566 JONES                MANAGER                  7839 81/04/02          
      2975                    20       7876 ADAMS                               

     EMPNO ENAME                JOB                       MGR HIREDATE          
---------- -------------------- ------------------ ---------- --------          
       SAL       COMM     DEPTNO      EMPNO ENAME                               
---------- ---------- ---------- ---------- --------------------                
JOB                       MGR HIREDATE        SAL       COMM     DEPTNO         
------------------ ---------- -------- ---------- ---------- ----------         
CLERK                    7788 87/05/23       1100                    20         
                                                                                
      7566 JONES                MANAGER                  7839 81/04/02          
      2975                    20       7900 JAMES                               
CLERK                    7698 81/12/03        950                    30         
                                                                                
      7566 JONES                MANAGER                  7839 81/04/02          

     EMPNO ENAME                JOB                       MGR HIREDATE          
---------- -------------------- ------------------ ---------- --------          
       SAL       COMM     DEPTNO      EMPNO ENAME                               
---------- ---------- ---------- ---------- --------------------                
JOB                       MGR HIREDATE        SAL       COMM     DEPTNO         
------------------ ---------- -------- ---------- ---------- ----------         
      2975                    20       7902 FORD                                
ANALYST                  7566 81/12/03       3000                    20         
                                                                                
      7566 JONES                MANAGER                  7839 81/04/02          
      2975                    20       7934 MILLER                              
CLERK                    7782 82/01/23       1300                    10         
                                                                                

     EMPNO ENAME                JOB                       MGR HIREDATE          
---------- -------------------- ------------------ ---------- --------          
       SAL       COMM     DEPTNO      EMPNO ENAME                               
---------- ---------- ---------- ---------- --------------------                
JOB                       MGR HIREDATE        SAL       COMM     DEPTNO         
------------------ ---------- -------- ---------- ---------- ----------         
      7654 MARTIN               SALESMAN                 7698 81/09/28          
      1250       1400         30       7369 SMITH                               
CLERK                    7902 80/12/17        800                    20         
                                                                                
      7654 MARTIN               SALESMAN                 7698 81/09/28          
      1250       1400         30       7499 ALLEN                               
SALESMAN                 7698 81/02/20       1600        300         30         

     EMPNO ENAME                JOB                       MGR HIREDATE          
---------- -------------------- ------------------ ---------- --------          
       SAL       COMM     DEPTNO      EMPNO ENAME                               
---------- ---------- ---------- ---------- --------------------                
JOB                       MGR HIREDATE        SAL       COMM     DEPTNO         
------------------ ---------- -------- ---------- ---------- ----------         
                                                                                
      7654 MARTIN               SALESMAN                 7698 81/09/28          
      1250       1400         30       7521 WARD                                
SALESMAN                 7698 81/02/22       1250        500         30         
                                                                                
      7654 MARTIN               SALESMAN                 7698 81/09/28          
      1250       1400         30       7566 JONES                               

     EMPNO ENAME                JOB                       MGR HIREDATE          
---------- -------------------- ------------------ ---------- --------          
       SAL       COMM     DEPTNO      EMPNO ENAME                               
---------- ---------- ---------- ---------- --------------------                
JOB                       MGR HIREDATE        SAL       COMM     DEPTNO         
------------------ ---------- -------- ---------- ---------- ----------         
MANAGER                  7839 81/04/02       2975                    20         
                                                                                
      7654 MARTIN               SALESMAN                 7698 81/09/28          
      1250       1400         30       7654 MARTIN                              
SALESMAN                 7698 81/09/28       1250       1400         30         
                                                                                
      7654 MARTIN               SALESMAN                 7698 81/09/28          

     EMPNO ENAME                JOB                       MGR HIREDATE          
---------- -------------------- ------------------ ---------- --------          
       SAL       COMM     DEPTNO      EMPNO ENAME                               
---------- ---------- ---------- ---------- --------------------                
JOB                       MGR HIREDATE        SAL       COMM     DEPTNO         
------------------ ---------- -------- ---------- ---------- ----------         
      1250       1400         30       7698 BLAKE                               
MANAGER                  7839 81/05/01       2850                    30         
                                                                                
      7654 MARTIN               SALESMAN                 7698 81/09/28          
      1250       1400         30       7782 CLARK                               
MANAGER                  7839 81/06/09       2450                    10         
                                                                                

     EMPNO ENAME                JOB                       MGR HIREDATE          
---------- -------------------- ------------------ ---------- --------          
       SAL       COMM     DEPTNO      EMPNO ENAME                               
---------- ---------- ---------- ---------- --------------------                
JOB                       MGR HIREDATE        SAL       COMM     DEPTNO         
------------------ ---------- -------- ---------- ---------- ----------         
      7654 MARTIN               SALESMAN                 7698 81/09/28          
      1250       1400         30       7788 SCOTT                               
ANALYST                  7566 87/04/19       3000                    20         
                                                                                
      7654 MARTIN               SALESMAN                 7698 81/09/28          
      1250       1400         30       7839 KING                                
PRESIDENT                     81/11/17       5000                    10         

     EMPNO ENAME                JOB                       MGR HIREDATE          
---------- -------------------- ------------------ ---------- --------          
       SAL       COMM     DEPTNO      EMPNO ENAME                               
---------- ---------- ---------- ---------- --------------------                
JOB                       MGR HIREDATE        SAL       COMM     DEPTNO         
------------------ ---------- -------- ---------- ---------- ----------         
                                                                                
      7654 MARTIN               SALESMAN                 7698 81/09/28          
      1250       1400         30       7844 TURNER                              
SALESMAN                 7698 81/09/08       1500          0         30         
                                                                                
      7654 MARTIN               SALESMAN                 7698 81/09/28          
      1250       1400         30       7876 ADAMS                               

     EMPNO ENAME                JOB                       MGR HIREDATE          
---------- -------------------- ------------------ ---------- --------          
       SAL       COMM     DEPTNO      EMPNO ENAME                               
---------- ---------- ---------- ---------- --------------------                
JOB                       MGR HIREDATE        SAL       COMM     DEPTNO         
------------------ ---------- -------- ---------- ---------- ----------         
CLERK                    7788 87/05/23       1100                    20         
                                                                                
      7654 MARTIN               SALESMAN                 7698 81/09/28          
      1250       1400         30       7900 JAMES                               
CLERK                    7698 81/12/03        950                    30         
                                                                                
      7654 MARTIN               SALESMAN                 7698 81/09/28          

     EMPNO ENAME                JOB                       MGR HIREDATE          
---------- -------------------- ------------------ ---------- --------          
       SAL       COMM     DEPTNO      EMPNO ENAME                               
---------- ---------- ---------- ---------- --------------------                
JOB                       MGR HIREDATE        SAL       COMM     DEPTNO         
------------------ ---------- -------- ---------- ---------- ----------         
      1250       1400         30       7902 FORD                                
ANALYST                  7566 81/12/03       3000                    20         
                                                                                
      7654 MARTIN               SALESMAN                 7698 81/09/28          
      1250       1400         30       7934 MILLER                              
CLERK                    7782 82/01/23       1300                    10         
                                                                                

     EMPNO ENAME                JOB                       MGR HIREDATE          
---------- -------------------- ------------------ ---------- --------          
       SAL       COMM     DEPTNO      EMPNO ENAME                               
---------- ---------- ---------- ---------- --------------------                
JOB                       MGR HIREDATE        SAL       COMM     DEPTNO         
------------------ ---------- -------- ---------- ---------- ----------         
      7698 BLAKE                MANAGER                  7839 81/05/01          
      2850                    30       7369 SMITH                               
CLERK                    7902 80/12/17        800                    20         
                                                                                
      7698 BLAKE                MANAGER                  7839 81/05/01          
      2850                    30       7499 ALLEN                               
SALESMAN                 7698 81/02/20       1600        300         30         

     EMPNO ENAME                JOB                       MGR HIREDATE          
---------- -------------------- ------------------ ---------- --------          
       SAL       COMM     DEPTNO      EMPNO ENAME                               
---------- ---------- ---------- ---------- --------------------                
JOB                       MGR HIREDATE        SAL       COMM     DEPTNO         
------------------ ---------- -------- ---------- ---------- ----------         
                                                                                
      7698 BLAKE                MANAGER                  7839 81/05/01          
      2850                    30       7521 WARD                                
SALESMAN                 7698 81/02/22       1250        500         30         
                                                                                
      7698 BLAKE                MANAGER                  7839 81/05/01          
      2850                    30       7566 JONES                               

     EMPNO ENAME                JOB                       MGR HIREDATE          
---------- -------------------- ------------------ ---------- --------          
       SAL       COMM     DEPTNO      EMPNO ENAME                               
---------- ---------- ---------- ---------- --------------------                
JOB                       MGR HIREDATE        SAL       COMM     DEPTNO         
------------------ ---------- -------- ---------- ---------- ----------         
MANAGER                  7839 81/04/02       2975                    20         
                                                                                
      7698 BLAKE                MANAGER                  7839 81/05/01          
      2850                    30       7654 MARTIN                              
SALESMAN                 7698 81/09/28       1250       1400         30         
                                                                                
      7698 BLAKE                MANAGER                  7839 81/05/01          

     EMPNO ENAME                JOB                       MGR HIREDATE          
---------- -------------------- ------------------ ---------- --------          
       SAL       COMM     DEPTNO      EMPNO ENAME                               
---------- ---------- ---------- ---------- --------------------                
JOB                       MGR HIREDATE        SAL       COMM     DEPTNO         
------------------ ---------- -------- ---------- ---------- ----------         
      2850                    30       7698 BLAKE                               
MANAGER                  7839 81/05/01       2850                    30         
                                                                                
      7698 BLAKE                MANAGER                  7839 81/05/01          
      2850                    30       7782 CLARK                               
MANAGER                  7839 81/06/09       2450                    10         
                                                                                

     EMPNO ENAME                JOB                       MGR HIREDATE          
---------- -------------------- ------------------ ---------- --------          
       SAL       COMM     DEPTNO      EMPNO ENAME                               
---------- ---------- ---------- ---------- --------------------                
JOB                       MGR HIREDATE        SAL       COMM     DEPTNO         
------------------ ---------- -------- ---------- ---------- ----------         
      7698 BLAKE                MANAGER                  7839 81/05/01          
      2850                    30       7788 SCOTT                               
ANALYST                  7566 87/04/19       3000                    20         
                                                                                
      7698 BLAKE                MANAGER                  7839 81/05/01          
      2850                    30       7839 KING                                
PRESIDENT                     81/11/17       5000                    10         

     EMPNO ENAME                JOB                       MGR HIREDATE          
---------- -------------------- ------------------ ---------- --------          
       SAL       COMM     DEPTNO      EMPNO ENAME                               
---------- ---------- ---------- ---------- --------------------                
JOB                       MGR HIREDATE        SAL       COMM     DEPTNO         
------------------ ---------- -------- ---------- ---------- ----------         
                                                                                
      7698 BLAKE                MANAGER                  7839 81/05/01          
      2850                    30       7844 TURNER                              
SALESMAN                 7698 81/09/08       1500          0         30         
                                                                                
      7698 BLAKE                MANAGER                  7839 81/05/01          
      2850                    30       7876 ADAMS                               

     EMPNO ENAME                JOB                       MGR HIREDATE          
---------- -------------------- ------------------ ---------- --------          
       SAL       COMM     DEPTNO      EMPNO ENAME                               
---------- ---------- ---------- ---------- --------------------                
JOB                       MGR HIREDATE        SAL       COMM     DEPTNO         
------------------ ---------- -------- ---------- ---------- ----------         
CLERK                    7788 87/05/23       1100                    20         
                                                                                
      7698 BLAKE                MANAGER                  7839 81/05/01          
      2850                    30       7900 JAMES                               
CLERK                    7698 81/12/03        950                    30         
                                                                                
      7698 BLAKE                MANAGER                  7839 81/05/01          

     EMPNO ENAME                JOB                       MGR HIREDATE          
---------- -------------------- ------------------ ---------- --------          
       SAL       COMM     DEPTNO      EMPNO ENAME                               
---------- ---------- ---------- ---------- --------------------                
JOB                       MGR HIREDATE        SAL       COMM     DEPTNO         
------------------ ---------- -------- ---------- ---------- ----------         
      2850                    30       7902 FORD                                
ANALYST                  7566 81/12/03       3000                    20         
                                                                                
      7698 BLAKE                MANAGER                  7839 81/05/01          
      2850                    30       7934 MILLER                              
CLERK                    7782 82/01/23       1300                    10         
                                                                                

     EMPNO ENAME                JOB                       MGR HIREDATE          
---------- -------------------- ------------------ ---------- --------          
       SAL       COMM     DEPTNO      EMPNO ENAME                               
---------- ---------- ---------- ---------- --------------------                
JOB                       MGR HIREDATE        SAL       COMM     DEPTNO         
------------------ ---------- -------- ---------- ---------- ----------         
      7782 CLARK                MANAGER                  7839 81/06/09          
      2450                    10       7369 SMITH                               
CLERK                    7902 80/12/17        800                    20         
                                                                                
      7782 CLARK                MANAGER                  7839 81/06/09          
      2450                    10       7499 ALLEN                               
SALESMAN                 7698 81/02/20       1600        300         30         

     EMPNO ENAME                JOB                       MGR HIREDATE          
---------- -------------------- ------------------ ---------- --------          
       SAL       COMM     DEPTNO      EMPNO ENAME                               
---------- ---------- ---------- ---------- --------------------                
JOB                       MGR HIREDATE        SAL       COMM     DEPTNO         
------------------ ---------- -------- ---------- ---------- ----------         
                                                                                
      7782 CLARK                MANAGER                  7839 81/06/09          
      2450                    10       7521 WARD                                
SALESMAN                 7698 81/02/22       1250        500         30         
                                                                                
      7782 CLARK                MANAGER                  7839 81/06/09          
      2450                    10       7566 JONES                               

     EMPNO ENAME                JOB                       MGR HIREDATE          
---------- -------------------- ------------------ ---------- --------          
       SAL       COMM     DEPTNO      EMPNO ENAME                               
---------- ---------- ---------- ---------- --------------------                
JOB                       MGR HIREDATE        SAL       COMM     DEPTNO         
------------------ ---------- -------- ---------- ---------- ----------         
MANAGER                  7839 81/04/02       2975                    20         
                                                                                
      7782 CLARK                MANAGER                  7839 81/06/09          
      2450                    10       7654 MARTIN                              
SALESMAN                 7698 81/09/28       1250       1400         30         
                                                                                
      7782 CLARK                MANAGER                  7839 81/06/09          

     EMPNO ENAME                JOB                       MGR HIREDATE          
---------- -------------------- ------------------ ---------- --------          
       SAL       COMM     DEPTNO      EMPNO ENAME                               
---------- ---------- ---------- ---------- --------------------                
JOB                       MGR HIREDATE        SAL       COMM     DEPTNO         
------------------ ---------- -------- ---------- ---------- ----------         
      2450                    10       7698 BLAKE                               
MANAGER                  7839 81/05/01       2850                    30         
                                                                                
      7782 CLARK                MANAGER                  7839 81/06/09          
      2450                    10       7782 CLARK                               
MANAGER                  7839 81/06/09       2450                    10         
                                                                                

     EMPNO ENAME                JOB                       MGR HIREDATE          
---------- -------------------- ------------------ ---------- --------          
       SAL       COMM     DEPTNO      EMPNO ENAME                               
---------- ---------- ---------- ---------- --------------------                
JOB                       MGR HIREDATE        SAL       COMM     DEPTNO         
------------------ ---------- -------- ---------- ---------- ----------         
      7782 CLARK                MANAGER                  7839 81/06/09          
      2450                    10       7788 SCOTT                               
ANALYST                  7566 87/04/19       3000                    20         
                                                                                
      7782 CLARK                MANAGER                  7839 81/06/09          
      2450                    10       7839 KING                                
PRESIDENT                     81/11/17       5000                    10         

     EMPNO ENAME                JOB                       MGR HIREDATE          
---------- -------------------- ------------------ ---------- --------          
       SAL       COMM     DEPTNO      EMPNO ENAME                               
---------- ---------- ---------- ---------- --------------------                
JOB                       MGR HIREDATE        SAL       COMM     DEPTNO         
------------------ ---------- -------- ---------- ---------- ----------         
                                                                                
      7782 CLARK                MANAGER                  7839 81/06/09          
      2450                    10       7844 TURNER                              
SALESMAN                 7698 81/09/08       1500          0         30         
                                                                                
      7782 CLARK                MANAGER                  7839 81/06/09          
      2450                    10       7876 ADAMS                               

     EMPNO ENAME                JOB                       MGR HIREDATE          
---------- -------------------- ------------------ ---------- --------          
       SAL       COMM     DEPTNO      EMPNO ENAME                               
---------- ---------- ---------- ---------- --------------------                
JOB                       MGR HIREDATE        SAL       COMM     DEPTNO         
------------------ ---------- -------- ---------- ---------- ----------         
CLERK                    7788 87/05/23       1100                    20         
                                                                                
      7782 CLARK                MANAGER                  7839 81/06/09          
      2450                    10       7900 JAMES                               
CLERK                    7698 81/12/03        950                    30         
                                                                                
      7782 CLARK                MANAGER                  7839 81/06/09          

     EMPNO ENAME                JOB                       MGR HIREDATE          
---------- -------------------- ------------------ ---------- --------          
       SAL       COMM     DEPTNO      EMPNO ENAME                               
---------- ---------- ---------- ---------- --------------------                
JOB                       MGR HIREDATE        SAL       COMM     DEPTNO         
------------------ ---------- -------- ---------- ---------- ----------         
      2450                    10       7902 FORD                                
ANALYST                  7566 81/12/03       3000                    20         
                                                                                
      7782 CLARK                MANAGER                  7839 81/06/09          
      2450                    10       7934 MILLER                              
CLERK                    7782 82/01/23       1300                    10         
                                                                                

     EMPNO ENAME                JOB                       MGR HIREDATE          
---------- -------------------- ------------------ ---------- --------          
       SAL       COMM     DEPTNO      EMPNO ENAME                               
---------- ---------- ---------- ---------- --------------------                
JOB                       MGR HIREDATE        SAL       COMM     DEPTNO         
------------------ ---------- -------- ---------- ---------- ----------         
      7788 SCOTT                ANALYST                  7566 87/04/19          
      3000                    20       7369 SMITH                               
CLERK                    7902 80/12/17        800                    20         
                                                                                
      7788 SCOTT                ANALYST                  7566 87/04/19          
      3000                    20       7499 ALLEN                               
SALESMAN                 7698 81/02/20       1600        300         30         

     EMPNO ENAME                JOB                       MGR HIREDATE          
---------- -------------------- ------------------ ---------- --------          
       SAL       COMM     DEPTNO      EMPNO ENAME                               
---------- ---------- ---------- ---------- --------------------                
JOB                       MGR HIREDATE        SAL       COMM     DEPTNO         
------------------ ---------- -------- ---------- ---------- ----------         
                                                                                
      7788 SCOTT                ANALYST                  7566 87/04/19          
      3000                    20       7521 WARD                                
SALESMAN                 7698 81/02/22       1250        500         30         
                                                                                
      7788 SCOTT                ANALYST                  7566 87/04/19          
      3000                    20       7566 JONES                               

     EMPNO ENAME                JOB                       MGR HIREDATE          
---------- -------------------- ------------------ ---------- --------          
       SAL       COMM     DEPTNO      EMPNO ENAME                               
---------- ---------- ---------- ---------- --------------------                
JOB                       MGR HIREDATE        SAL       COMM     DEPTNO         
------------------ ---------- -------- ---------- ---------- ----------         
MANAGER                  7839 81/04/02       2975                    20         
                                                                                
      7788 SCOTT                ANALYST                  7566 87/04/19          
      3000                    20       7654 MARTIN                              
SALESMAN                 7698 81/09/28       1250       1400         30         
                                                                                
      7788 SCOTT                ANALYST                  7566 87/04/19          

     EMPNO ENAME                JOB                       MGR HIREDATE          
---------- -------------------- ------------------ ---------- --------          
       SAL       COMM     DEPTNO      EMPNO ENAME                               
---------- ---------- ---------- ---------- --------------------                
JOB                       MGR HIREDATE        SAL       COMM     DEPTNO         
------------------ ---------- -------- ---------- ---------- ----------         
      3000                    20       7698 BLAKE                               
MANAGER                  7839 81/05/01       2850                    30         
                                                                                
      7788 SCOTT                ANALYST                  7566 87/04/19          
      3000                    20       7782 CLARK                               
MANAGER                  7839 81/06/09       2450                    10         
                                                                                

     EMPNO ENAME                JOB                       MGR HIREDATE          
---------- -------------------- ------------------ ---------- --------          
       SAL       COMM     DEPTNO      EMPNO ENAME                               
---------- ---------- ---------- ---------- --------------------                
JOB                       MGR HIREDATE        SAL       COMM     DEPTNO         
------------------ ---------- -------- ---------- ---------- ----------         
      7788 SCOTT                ANALYST                  7566 87/04/19          
      3000                    20       7788 SCOTT                               
ANALYST                  7566 87/04/19       3000                    20         
                                                                                
      7788 SCOTT                ANALYST                  7566 87/04/19          
      3000                    20       7839 KING                                
PRESIDENT                     81/11/17       5000                    10         

     EMPNO ENAME                JOB                       MGR HIREDATE          
---------- -------------------- ------------------ ---------- --------          
       SAL       COMM     DEPTNO      EMPNO ENAME                               
---------- ---------- ---------- ---------- --------------------                
JOB                       MGR HIREDATE        SAL       COMM     DEPTNO         
------------------ ---------- -------- ---------- ---------- ----------         
                                                                                
      7788 SCOTT                ANALYST                  7566 87/04/19          
      3000                    20       7844 TURNER                              
SALESMAN                 7698 81/09/08       1500          0         30         
                                                                                
      7788 SCOTT                ANALYST                  7566 87/04/19          
      3000                    20       7876 ADAMS                               

     EMPNO ENAME                JOB                       MGR HIREDATE          
---------- -------------------- ------------------ ---------- --------          
       SAL       COMM     DEPTNO      EMPNO ENAME                               
---------- ---------- ---------- ---------- --------------------                
JOB                       MGR HIREDATE        SAL       COMM     DEPTNO         
------------------ ---------- -------- ---------- ---------- ----------         
CLERK                    7788 87/05/23       1100                    20         
                                                                                
      7788 SCOTT                ANALYST                  7566 87/04/19          
      3000                    20       7900 JAMES                               
CLERK                    7698 81/12/03        950                    30         
                                                                                
      7788 SCOTT                ANALYST                  7566 87/04/19          

     EMPNO ENAME                JOB                       MGR HIREDATE          
---------- -------------------- ------------------ ---------- --------          
       SAL       COMM     DEPTNO      EMPNO ENAME                               
---------- ---------- ---------- ---------- --------------------                
JOB                       MGR HIREDATE        SAL       COMM     DEPTNO         
------------------ ---------- -------- ---------- ---------- ----------         
      3000                    20       7902 FORD                                
ANALYST                  7566 81/12/03       3000                    20         
                                                                                
      7788 SCOTT                ANALYST                  7566 87/04/19          
      3000                    20       7934 MILLER                              
CLERK                    7782 82/01/23       1300                    10         
                                                                                

     EMPNO ENAME                JOB                       MGR HIREDATE          
---------- -------------------- ------------------ ---------- --------          
       SAL       COMM     DEPTNO      EMPNO ENAME                               
---------- ---------- ---------- ---------- --------------------                
JOB                       MGR HIREDATE        SAL       COMM     DEPTNO         
------------------ ---------- -------- ---------- ---------- ----------         
      7839 KING                 PRESIDENT                     81/11/17          
      5000                    10       7369 SMITH                               
CLERK                    7902 80/12/17        800                    20         
                                                                                
      7839 KING                 PRESIDENT                     81/11/17          
      5000                    10       7499 ALLEN                               
SALESMAN                 7698 81/02/20       1600        300         30         

     EMPNO ENAME                JOB                       MGR HIREDATE          
---------- -------------------- ------------------ ---------- --------          
       SAL       COMM     DEPTNO      EMPNO ENAME                               
---------- ---------- ---------- ---------- --------------------                
JOB                       MGR HIREDATE        SAL       COMM     DEPTNO         
------------------ ---------- -------- ---------- ---------- ----------         
                                                                                
      7839 KING                 PRESIDENT                     81/11/17          
      5000                    10       7521 WARD                                
SALESMAN                 7698 81/02/22       1250        500         30         
                                                                                
      7839 KING                 PRESIDENT                     81/11/17          
      5000                    10       7566 JONES                               

     EMPNO ENAME                JOB                       MGR HIREDATE          
---------- -------------------- ------------------ ---------- --------          
       SAL       COMM     DEPTNO      EMPNO ENAME                               
---------- ---------- ---------- ---------- --------------------                
JOB                       MGR HIREDATE        SAL       COMM     DEPTNO         
------------------ ---------- -------- ---------- ---------- ----------         
MANAGER                  7839 81/04/02       2975                    20         
                                                                                
      7839 KING                 PRESIDENT                     81/11/17          
      5000                    10       7654 MARTIN                              
SALESMAN                 7698 81/09/28       1250       1400         30         
                                                                                
      7839 KING                 PRESIDENT                     81/11/17          

     EMPNO ENAME                JOB                       MGR HIREDATE          
---------- -------------------- ------------------ ---------- --------          
       SAL       COMM     DEPTNO      EMPNO ENAME                               
---------- ---------- ---------- ---------- --------------------                
JOB                       MGR HIREDATE        SAL       COMM     DEPTNO         
------------------ ---------- -------- ---------- ---------- ----------         
      5000                    10       7698 BLAKE                               
MANAGER                  7839 81/05/01       2850                    30         
                                                                                
      7839 KING                 PRESIDENT                     81/11/17          
      5000                    10       7782 CLARK                               
MANAGER                  7839 81/06/09       2450                    10         
                                                                                

     EMPNO ENAME                JOB                       MGR HIREDATE          
---------- -------------------- ------------------ ---------- --------          
       SAL       COMM     DEPTNO      EMPNO ENAME                               
---------- ---------- ---------- ---------- --------------------                
JOB                       MGR HIREDATE        SAL       COMM     DEPTNO         
------------------ ---------- -------- ---------- ---------- ----------         
      7839 KING                 PRESIDENT                     81/11/17          
      5000                    10       7788 SCOTT                               
ANALYST                  7566 87/04/19       3000                    20         
                                                                                
      7839 KING                 PRESIDENT                     81/11/17          
      5000                    10       7839 KING                                
PRESIDENT                     81/11/17       5000                    10         

     EMPNO ENAME                JOB                       MGR HIREDATE          
---------- -------------------- ------------------ ---------- --------          
       SAL       COMM     DEPTNO      EMPNO ENAME                               
---------- ---------- ---------- ---------- --------------------                
JOB                       MGR HIREDATE        SAL       COMM     DEPTNO         
------------------ ---------- -------- ---------- ---------- ----------         
                                                                                
      7839 KING                 PRESIDENT                     81/11/17          
      5000                    10       7844 TURNER                              
SALESMAN                 7698 81/09/08       1500          0         30         
                                                                                
      7839 KING                 PRESIDENT                     81/11/17          
      5000                    10       7876 ADAMS                               

     EMPNO ENAME                JOB                       MGR HIREDATE          
---------- -------------------- ------------------ ---------- --------          
       SAL       COMM     DEPTNO      EMPNO ENAME                               
---------- ---------- ---------- ---------- --------------------                
JOB                       MGR HIREDATE        SAL       COMM     DEPTNO         
------------------ ---------- -------- ---------- ---------- ----------         
CLERK                    7788 87/05/23       1100                    20         
                                                                                
      7839 KING                 PRESIDENT                     81/11/17          
      5000                    10       7900 JAMES                               
CLERK                    7698 81/12/03        950                    30         
                                                                                
      7839 KING                 PRESIDENT                     81/11/17          

     EMPNO ENAME                JOB                       MGR HIREDATE          
---------- -------------------- ------------------ ---------- --------          
       SAL       COMM     DEPTNO      EMPNO ENAME                               
---------- ---------- ---------- ---------- --------------------                
JOB                       MGR HIREDATE        SAL       COMM     DEPTNO         
------------------ ---------- -------- ---------- ---------- ----------         
      5000                    10       7902 FORD                                
ANALYST                  7566 81/12/03       3000                    20         
                                                                                
      7839 KING                 PRESIDENT                     81/11/17          
      5000                    10       7934 MILLER                              
CLERK                    7782 82/01/23       1300                    10         
                                                                                

     EMPNO ENAME                JOB                       MGR HIREDATE          
---------- -------------------- ------------------ ---------- --------          
       SAL       COMM     DEPTNO      EMPNO ENAME                               
---------- ---------- ---------- ---------- --------------------                
JOB                       MGR HIREDATE        SAL       COMM     DEPTNO         
------------------ ---------- -------- ---------- ---------- ----------         
      7844 TURNER               SALESMAN                 7698 81/09/08          
      1500          0         30       7369 SMITH                               
CLERK                    7902 80/12/17        800                    20         
                                                                                
      7844 TURNER               SALESMAN                 7698 81/09/08          
      1500          0         30       7499 ALLEN                               
SALESMAN                 7698 81/02/20       1600        300         30         

     EMPNO ENAME                JOB                       MGR HIREDATE          
---------- -------------------- ------------------ ---------- --------          
       SAL       COMM     DEPTNO      EMPNO ENAME                               
---------- ---------- ---------- ---------- --------------------                
JOB                       MGR HIREDATE        SAL       COMM     DEPTNO         
------------------ ---------- -------- ---------- ---------- ----------         
                                                                                
      7844 TURNER               SALESMAN                 7698 81/09/08          
      1500          0         30       7521 WARD                                
SALESMAN                 7698 81/02/22       1250        500         30         
                                                                                
      7844 TURNER               SALESMAN                 7698 81/09/08          
      1500          0         30       7566 JONES                               

     EMPNO ENAME                JOB                       MGR HIREDATE          
---------- -------------------- ------------------ ---------- --------          
       SAL       COMM     DEPTNO      EMPNO ENAME                               
---------- ---------- ---------- ---------- --------------------                
JOB                       MGR HIREDATE        SAL       COMM     DEPTNO         
------------------ ---------- -------- ---------- ---------- ----------         
MANAGER                  7839 81/04/02       2975                    20         
                                                                                
      7844 TURNER               SALESMAN                 7698 81/09/08          
      1500          0         30       7654 MARTIN                              
SALESMAN                 7698 81/09/28       1250       1400         30         
                                                                                
      7844 TURNER               SALESMAN                 7698 81/09/08          

     EMPNO ENAME                JOB                       MGR HIREDATE          
---------- -------------------- ------------------ ---------- --------          
       SAL       COMM     DEPTNO      EMPNO ENAME                               
---------- ---------- ---------- ---------- --------------------                
JOB                       MGR HIREDATE        SAL       COMM     DEPTNO         
------------------ ---------- -------- ---------- ---------- ----------         
      1500          0         30       7698 BLAKE                               
MANAGER                  7839 81/05/01       2850                    30         
                                                                                
      7844 TURNER               SALESMAN                 7698 81/09/08          
      1500          0         30       7782 CLARK                               
MANAGER                  7839 81/06/09       2450                    10         
                                                                                

     EMPNO ENAME                JOB                       MGR HIREDATE          
---------- -------------------- ------------------ ---------- --------          
       SAL       COMM     DEPTNO      EMPNO ENAME                               
---------- ---------- ---------- ---------- --------------------                
JOB                       MGR HIREDATE        SAL       COMM     DEPTNO         
------------------ ---------- -------- ---------- ---------- ----------         
      7844 TURNER               SALESMAN                 7698 81/09/08          
      1500          0         30       7788 SCOTT                               
ANALYST                  7566 87/04/19       3000                    20         
                                                                                
      7844 TURNER               SALESMAN                 7698 81/09/08          
      1500          0         30       7839 KING                                
PRESIDENT                     81/11/17       5000                    10         

     EMPNO ENAME                JOB                       MGR HIREDATE          
---------- -------------------- ------------------ ---------- --------          
       SAL       COMM     DEPTNO      EMPNO ENAME                               
---------- ---------- ---------- ---------- --------------------                
JOB                       MGR HIREDATE        SAL       COMM     DEPTNO         
------------------ ---------- -------- ---------- ---------- ----------         
                                                                                
      7844 TURNER               SALESMAN                 7698 81/09/08          
      1500          0         30       7844 TURNER                              
SALESMAN                 7698 81/09/08       1500          0         30         
                                                                                
      7844 TURNER               SALESMAN                 7698 81/09/08          
      1500          0         30       7876 ADAMS                               

     EMPNO ENAME                JOB                       MGR HIREDATE          
---------- -------------------- ------------------ ---------- --------          
       SAL       COMM     DEPTNO      EMPNO ENAME                               
---------- ---------- ---------- ---------- --------------------                
JOB                       MGR HIREDATE        SAL       COMM     DEPTNO         
------------------ ---------- -------- ---------- ---------- ----------         
CLERK                    7788 87/05/23       1100                    20         
                                                                                
      7844 TURNER               SALESMAN                 7698 81/09/08          
      1500          0         30       7900 JAMES                               
CLERK                    7698 81/12/03        950                    30         
                                                                                
      7844 TURNER               SALESMAN                 7698 81/09/08          

     EMPNO ENAME                JOB                       MGR HIREDATE          
---------- -------------------- ------------------ ---------- --------          
       SAL       COMM     DEPTNO      EMPNO ENAME                               
---------- ---------- ---------- ---------- --------------------                
JOB                       MGR HIREDATE        SAL       COMM     DEPTNO         
------------------ ---------- -------- ---------- ---------- ----------         
      1500          0         30       7902 FORD                                
ANALYST                  7566 81/12/03       3000                    20         
                                                                                
      7844 TURNER               SALESMAN                 7698 81/09/08          
      1500          0         30       7934 MILLER                              
CLERK                    7782 82/01/23       1300                    10         
                                                                                

     EMPNO ENAME                JOB                       MGR HIREDATE          
---------- -------------------- ------------------ ---------- --------          
       SAL       COMM     DEPTNO      EMPNO ENAME                               
---------- ---------- ---------- ---------- --------------------                
JOB                       MGR HIREDATE        SAL       COMM     DEPTNO         
------------------ ---------- -------- ---------- ---------- ----------         
      7876 ADAMS                CLERK                    7788 87/05/23          
      1100                    20       7369 SMITH                               
CLERK                    7902 80/12/17        800                    20         
                                                                                
      7876 ADAMS                CLERK                    7788 87/05/23          
      1100                    20       7499 ALLEN                               
SALESMAN                 7698 81/02/20       1600        300         30         

     EMPNO ENAME                JOB                       MGR HIREDATE          
---------- -------------------- ------------------ ---------- --------          
       SAL       COMM     DEPTNO      EMPNO ENAME                               
---------- ---------- ---------- ---------- --------------------                
JOB                       MGR HIREDATE        SAL       COMM     DEPTNO         
------------------ ---------- -------- ---------- ---------- ----------         
                                                                                
      7876 ADAMS                CLERK                    7788 87/05/23          
      1100                    20       7521 WARD                                
SALESMAN                 7698 81/02/22       1250        500         30         
                                                                                
      7876 ADAMS                CLERK                    7788 87/05/23          
      1100                    20       7566 JONES                               

     EMPNO ENAME                JOB                       MGR HIREDATE          
---------- -------------------- ------------------ ---------- --------          
       SAL       COMM     DEPTNO      EMPNO ENAME                               
---------- ---------- ---------- ---------- --------------------                
JOB                       MGR HIREDATE        SAL       COMM     DEPTNO         
------------------ ---------- -------- ---------- ---------- ----------         
MANAGER                  7839 81/04/02       2975                    20         
                                                                                
      7876 ADAMS                CLERK                    7788 87/05/23          
      1100                    20       7654 MARTIN                              
SALESMAN                 7698 81/09/28       1250       1400         30         
                                                                                
      7876 ADAMS                CLERK                    7788 87/05/23          

     EMPNO ENAME                JOB                       MGR HIREDATE          
---------- -------------------- ------------------ ---------- --------          
       SAL       COMM     DEPTNO      EMPNO ENAME                               
---------- ---------- ---------- ---------- --------------------                
JOB                       MGR HIREDATE        SAL       COMM     DEPTNO         
------------------ ---------- -------- ---------- ---------- ----------         
      1100                    20       7698 BLAKE                               
MANAGER                  7839 81/05/01       2850                    30         
                                                                                
      7876 ADAMS                CLERK                    7788 87/05/23          
      1100                    20       7782 CLARK                               
MANAGER                  7839 81/06/09       2450                    10         
                                                                                

     EMPNO ENAME                JOB                       MGR HIREDATE          
---------- -------------------- ------------------ ---------- --------          
       SAL       COMM     DEPTNO      EMPNO ENAME                               
---------- ---------- ---------- ---------- --------------------                
JOB                       MGR HIREDATE        SAL       COMM     DEPTNO         
------------------ ---------- -------- ---------- ---------- ----------         
      7876 ADAMS                CLERK                    7788 87/05/23          
      1100                    20       7788 SCOTT                               
ANALYST                  7566 87/04/19       3000                    20         
                                                                                
      7876 ADAMS                CLERK                    7788 87/05/23          
      1100                    20       7839 KING                                
PRESIDENT                     81/11/17       5000                    10         

     EMPNO ENAME                JOB                       MGR HIREDATE          
---------- -------------------- ------------------ ---------- --------          
       SAL       COMM     DEPTNO      EMPNO ENAME                               
---------- ---------- ---------- ---------- --------------------                
JOB                       MGR HIREDATE        SAL       COMM     DEPTNO         
------------------ ---------- -------- ---------- ---------- ----------         
                                                                                
      7876 ADAMS                CLERK                    7788 87/05/23          
      1100                    20       7844 TURNER                              
SALESMAN                 7698 81/09/08       1500          0         30         
                                                                                
      7876 ADAMS                CLERK                    7788 87/05/23          
      1100                    20       7876 ADAMS                               

     EMPNO ENAME                JOB                       MGR HIREDATE          
---------- -------------------- ------------------ ---------- --------          
       SAL       COMM     DEPTNO      EMPNO ENAME                               
---------- ---------- ---------- ---------- --------------------                
JOB                       MGR HIREDATE        SAL       COMM     DEPTNO         
------------------ ---------- -------- ---------- ---------- ----------         
CLERK                    7788 87/05/23       1100                    20         
                                                                                
      7876 ADAMS                CLERK                    7788 87/05/23          
      1100                    20       7900 JAMES                               
CLERK                    7698 81/12/03        950                    30         
                                                                                
      7876 ADAMS                CLERK                    7788 87/05/23          

     EMPNO ENAME                JOB                       MGR HIREDATE          
---------- -------------------- ------------------ ---------- --------          
       SAL       COMM     DEPTNO      EMPNO ENAME                               
---------- ---------- ---------- ---------- --------------------                
JOB                       MGR HIREDATE        SAL       COMM     DEPTNO         
------------------ ---------- -------- ---------- ---------- ----------         
      1100                    20       7902 FORD                                
ANALYST                  7566 81/12/03       3000                    20         
                                                                                
      7876 ADAMS                CLERK                    7788 87/05/23          
      1100                    20       7934 MILLER                              
CLERK                    7782 82/01/23       1300                    10         
                                                                                

     EMPNO ENAME                JOB                       MGR HIREDATE          
---------- -------------------- ------------------ ---------- --------          
       SAL       COMM     DEPTNO      EMPNO ENAME                               
---------- ---------- ---------- ---------- --------------------                
JOB                       MGR HIREDATE        SAL       COMM     DEPTNO         
------------------ ---------- -------- ---------- ---------- ----------         
      7900 JAMES                CLERK                    7698 81/12/03          
       950                    30       7369 SMITH                               
CLERK                    7902 80/12/17        800                    20         
                                                                                
      7900 JAMES                CLERK                    7698 81/12/03          
       950                    30       7499 ALLEN                               
SALESMAN                 7698 81/02/20       1600        300         30         

     EMPNO ENAME                JOB                       MGR HIREDATE          
---------- -------------------- ------------------ ---------- --------          
       SAL       COMM     DEPTNO      EMPNO ENAME                               
---------- ---------- ---------- ---------- --------------------                
JOB                       MGR HIREDATE        SAL       COMM     DEPTNO         
------------------ ---------- -------- ---------- ---------- ----------         
                                                                                
      7900 JAMES                CLERK                    7698 81/12/03          
       950                    30       7521 WARD                                
SALESMAN                 7698 81/02/22       1250        500         30         
                                                                                
      7900 JAMES                CLERK                    7698 81/12/03          
       950                    30       7566 JONES                               

     EMPNO ENAME                JOB                       MGR HIREDATE          
---------- -------------------- ------------------ ---------- --------          
       SAL       COMM     DEPTNO      EMPNO ENAME                               
---------- ---------- ---------- ---------- --------------------                
JOB                       MGR HIREDATE        SAL       COMM     DEPTNO         
------------------ ---------- -------- ---------- ---------- ----------         
MANAGER                  7839 81/04/02       2975                    20         
                                                                                
      7900 JAMES                CLERK                    7698 81/12/03          
       950                    30       7654 MARTIN                              
SALESMAN                 7698 81/09/28       1250       1400         30         
                                                                                
      7900 JAMES                CLERK                    7698 81/12/03          

     EMPNO ENAME                JOB                       MGR HIREDATE          
---------- -------------------- ------------------ ---------- --------          
       SAL       COMM     DEPTNO      EMPNO ENAME                               
---------- ---------- ---------- ---------- --------------------                
JOB                       MGR HIREDATE        SAL       COMM     DEPTNO         
------------------ ---------- -------- ---------- ---------- ----------         
       950                    30       7698 BLAKE                               
MANAGER                  7839 81/05/01       2850                    30         
                                                                                
      7900 JAMES                CLERK                    7698 81/12/03          
       950                    30       7782 CLARK                               
MANAGER                  7839 81/06/09       2450                    10         
                                                                                

     EMPNO ENAME                JOB                       MGR HIREDATE          
---------- -------------------- ------------------ ---------- --------          
       SAL       COMM     DEPTNO      EMPNO ENAME                               
---------- ---------- ---------- ---------- --------------------                
JOB                       MGR HIREDATE        SAL       COMM     DEPTNO         
------------------ ---------- -------- ---------- ---------- ----------         
      7900 JAMES                CLERK                    7698 81/12/03          
       950                    30       7788 SCOTT                               
ANALYST                  7566 87/04/19       3000                    20         
                                                                                
      7900 JAMES                CLERK                    7698 81/12/03          
       950                    30       7839 KING                                
PRESIDENT                     81/11/17       5000                    10         

     EMPNO ENAME                JOB                       MGR HIREDATE          
---------- -------------------- ------------------ ---------- --------          
       SAL       COMM     DEPTNO      EMPNO ENAME                               
---------- ---------- ---------- ---------- --------------------                
JOB                       MGR HIREDATE        SAL       COMM     DEPTNO         
------------------ ---------- -------- ---------- ---------- ----------         
                                                                                
      7900 JAMES                CLERK                    7698 81/12/03          
       950                    30       7844 TURNER                              
SALESMAN                 7698 81/09/08       1500          0         30         
                                                                                
      7900 JAMES                CLERK                    7698 81/12/03          
       950                    30       7876 ADAMS                               

     EMPNO ENAME                JOB                       MGR HIREDATE          
---------- -------------------- ------------------ ---------- --------          
       SAL       COMM     DEPTNO      EMPNO ENAME                               
---------- ---------- ---------- ---------- --------------------                
JOB                       MGR HIREDATE        SAL       COMM     DEPTNO         
------------------ ---------- -------- ---------- ---------- ----------         
CLERK                    7788 87/05/23       1100                    20         
                                                                                
      7900 JAMES                CLERK                    7698 81/12/03          
       950                    30       7900 JAMES                               
CLERK                    7698 81/12/03        950                    30         
                                                                                
      7900 JAMES                CLERK                    7698 81/12/03          

     EMPNO ENAME                JOB                       MGR HIREDATE          
---------- -------------------- ------------------ ---------- --------          
       SAL       COMM     DEPTNO      EMPNO ENAME                               
---------- ---------- ---------- ---------- --------------------                
JOB                       MGR HIREDATE        SAL       COMM     DEPTNO         
------------------ ---------- -------- ---------- ---------- ----------         
       950                    30       7902 FORD                                
ANALYST                  7566 81/12/03       3000                    20         
                                                                                
      7900 JAMES                CLERK                    7698 81/12/03          
       950                    30       7934 MILLER                              
CLERK                    7782 82/01/23       1300                    10         
                                                                                

     EMPNO ENAME                JOB                       MGR HIREDATE          
---------- -------------------- ------------------ ---------- --------          
       SAL       COMM     DEPTNO      EMPNO ENAME                               
---------- ---------- ---------- ---------- --------------------                
JOB                       MGR HIREDATE        SAL       COMM     DEPTNO         
------------------ ---------- -------- ---------- ---------- ----------         
      7902 FORD                 ANALYST                  7566 81/12/03          
      3000                    20       7369 SMITH                               
CLERK                    7902 80/12/17        800                    20         
                                                                                
      7902 FORD                 ANALYST                  7566 81/12/03          
      3000                    20       7499 ALLEN                               
SALESMAN                 7698 81/02/20       1600        300         30         

     EMPNO ENAME                JOB                       MGR HIREDATE          
---------- -------------------- ------------------ ---------- --------          
       SAL       COMM     DEPTNO      EMPNO ENAME                               
---------- ---------- ---------- ---------- --------------------                
JOB                       MGR HIREDATE        SAL       COMM     DEPTNO         
------------------ ---------- -------- ---------- ---------- ----------         
                                                                                
      7902 FORD                 ANALYST                  7566 81/12/03          
      3000                    20       7521 WARD                                
SALESMAN                 7698 81/02/22       1250        500         30         
                                                                                
      7902 FORD                 ANALYST                  7566 81/12/03          
      3000                    20       7566 JONES                               

     EMPNO ENAME                JOB                       MGR HIREDATE          
---------- -------------------- ------------------ ---------- --------          
       SAL       COMM     DEPTNO      EMPNO ENAME                               
---------- ---------- ---------- ---------- --------------------                
JOB                       MGR HIREDATE        SAL       COMM     DEPTNO         
------------------ ---------- -------- ---------- ---------- ----------         
MANAGER                  7839 81/04/02       2975                    20         
                                                                                
      7902 FORD                 ANALYST                  7566 81/12/03          
      3000                    20       7654 MARTIN                              
SALESMAN                 7698 81/09/28       1250       1400         30         
                                                                                
      7902 FORD                 ANALYST                  7566 81/12/03          

     EMPNO ENAME                JOB                       MGR HIREDATE          
---------- -------------------- ------------------ ---------- --------          
       SAL       COMM     DEPTNO      EMPNO ENAME                               
---------- ---------- ---------- ---------- --------------------                
JOB                       MGR HIREDATE        SAL       COMM     DEPTNO         
------------------ ---------- -------- ---------- ---------- ----------         
      3000                    20       7698 BLAKE                               
MANAGER                  7839 81/05/01       2850                    30         
                                                                                
      7902 FORD                 ANALYST                  7566 81/12/03          
      3000                    20       7782 CLARK                               
MANAGER                  7839 81/06/09       2450                    10         
                                                                                

     EMPNO ENAME                JOB                       MGR HIREDATE          
---------- -------------------- ------------------ ---------- --------          
       SAL       COMM     DEPTNO      EMPNO ENAME                               
---------- ---------- ---------- ---------- --------------------                
JOB                       MGR HIREDATE        SAL       COMM     DEPTNO         
------------------ ---------- -------- ---------- ---------- ----------         
      7902 FORD                 ANALYST                  7566 81/12/03          
      3000                    20       7788 SCOTT                               
ANALYST                  7566 87/04/19       3000                    20         
                                                                                
      7902 FORD                 ANALYST                  7566 81/12/03          
      3000                    20       7839 KING                                
PRESIDENT                     81/11/17       5000                    10         

     EMPNO ENAME                JOB                       MGR HIREDATE          
---------- -------------------- ------------------ ---------- --------          
       SAL       COMM     DEPTNO      EMPNO ENAME                               
---------- ---------- ---------- ---------- --------------------                
JOB                       MGR HIREDATE        SAL       COMM     DEPTNO         
------------------ ---------- -------- ---------- ---------- ----------         
                                                                                
      7902 FORD                 ANALYST                  7566 81/12/03          
      3000                    20       7844 TURNER                              
SALESMAN                 7698 81/09/08       1500          0         30         
                                                                                
      7902 FORD                 ANALYST                  7566 81/12/03          
      3000                    20       7876 ADAMS                               

     EMPNO ENAME                JOB                       MGR HIREDATE          
---------- -------------------- ------------------ ---------- --------          
       SAL       COMM     DEPTNO      EMPNO ENAME                               
---------- ---------- ---------- ---------- --------------------                
JOB                       MGR HIREDATE        SAL       COMM     DEPTNO         
------------------ ---------- -------- ---------- ---------- ----------         
CLERK                    7788 87/05/23       1100                    20         
                                                                                
      7902 FORD                 ANALYST                  7566 81/12/03          
      3000                    20       7900 JAMES                               
CLERK                    7698 81/12/03        950                    30         
                                                                                
      7902 FORD                 ANALYST                  7566 81/12/03          

     EMPNO ENAME                JOB                       MGR HIREDATE          
---------- -------------------- ------------------ ---------- --------          
       SAL       COMM     DEPTNO      EMPNO ENAME                               
---------- ---------- ---------- ---------- --------------------                
JOB                       MGR HIREDATE        SAL       COMM     DEPTNO         
------------------ ---------- -------- ---------- ---------- ----------         
      3000                    20       7902 FORD                                
ANALYST                  7566 81/12/03       3000                    20         
                                                                                
      7902 FORD                 ANALYST                  7566 81/12/03          
      3000                    20       7934 MILLER                              
CLERK                    7782 82/01/23       1300                    10         
                                                                                

     EMPNO ENAME                JOB                       MGR HIREDATE          
---------- -------------------- ------------------ ---------- --------          
       SAL       COMM     DEPTNO      EMPNO ENAME                               
---------- ---------- ---------- ---------- --------------------                
JOB                       MGR HIREDATE        SAL       COMM     DEPTNO         
------------------ ---------- -------- ---------- ---------- ----------         
      7934 MILLER               CLERK                    7782 82/01/23          
      1300                    10       7369 SMITH                               
CLERK                    7902 80/12/17        800                    20         
                                                                                
      7934 MILLER               CLERK                    7782 82/01/23          
      1300                    10       7499 ALLEN                               
SALESMAN                 7698 81/02/20       1600        300         30         

     EMPNO ENAME                JOB                       MGR HIREDATE          
---------- -------------------- ------------------ ---------- --------          
       SAL       COMM     DEPTNO      EMPNO ENAME                               
---------- ---------- ---------- ---------- --------------------                
JOB                       MGR HIREDATE        SAL       COMM     DEPTNO         
------------------ ---------- -------- ---------- ---------- ----------         
                                                                                
      7934 MILLER               CLERK                    7782 82/01/23          
      1300                    10       7521 WARD                                
SALESMAN                 7698 81/02/22       1250        500         30         
                                                                                
      7934 MILLER               CLERK                    7782 82/01/23          
      1300                    10       7566 JONES                               

     EMPNO ENAME                JOB                       MGR HIREDATE          
---------- -------------------- ------------------ ---------- --------          
       SAL       COMM     DEPTNO      EMPNO ENAME                               
---------- ---------- ---------- ---------- --------------------                
JOB                       MGR HIREDATE        SAL       COMM     DEPTNO         
------------------ ---------- -------- ---------- ---------- ----------         
MANAGER                  7839 81/04/02       2975                    20         
                                                                                
      7934 MILLER               CLERK                    7782 82/01/23          
      1300                    10       7654 MARTIN                              
SALESMAN                 7698 81/09/28       1250       1400         30         
                                                                                
      7934 MILLER               CLERK                    7782 82/01/23          

     EMPNO ENAME                JOB                       MGR HIREDATE          
---------- -------------------- ------------------ ---------- --------          
       SAL       COMM     DEPTNO      EMPNO ENAME                               
---------- ---------- ---------- ---------- --------------------                
JOB                       MGR HIREDATE        SAL       COMM     DEPTNO         
------------------ ---------- -------- ---------- ---------- ----------         
      1300                    10       7698 BLAKE                               
MANAGER                  7839 81/05/01       2850                    30         
                                                                                
      7934 MILLER               CLERK                    7782 82/01/23          
      1300                    10       7782 CLARK                               
MANAGER                  7839 81/06/09       2450                    10         
                                                                                

     EMPNO ENAME                JOB                       MGR HIREDATE          
---------- -------------------- ------------------ ---------- --------          
       SAL       COMM     DEPTNO      EMPNO ENAME                               
---------- ---------- ---------- ---------- --------------------                
JOB                       MGR HIREDATE        SAL       COMM     DEPTNO         
------------------ ---------- -------- ---------- ---------- ----------         
      7934 MILLER               CLERK                    7782 82/01/23          
      1300                    10       7788 SCOTT                               
ANALYST                  7566 87/04/19       3000                    20         
                                                                                
      7934 MILLER               CLERK                    7782 82/01/23          
      1300                    10       7839 KING                                
PRESIDENT                     81/11/17       5000                    10         

     EMPNO ENAME                JOB                       MGR HIREDATE          
---------- -------------------- ------------------ ---------- --------          
       SAL       COMM     DEPTNO      EMPNO ENAME                               
---------- ---------- ---------- ---------- --------------------                
JOB                       MGR HIREDATE        SAL       COMM     DEPTNO         
------------------ ---------- -------- ---------- ---------- ----------         
                                                                                
      7934 MILLER               CLERK                    7782 82/01/23          
      1300                    10       7844 TURNER                              
SALESMAN                 7698 81/09/08       1500          0         30         
                                                                                
      7934 MILLER               CLERK                    7782 82/01/23          
      1300                    10       7876 ADAMS                               

     EMPNO ENAME                JOB                       MGR HIREDATE          
---------- -------------------- ------------------ ---------- --------          
       SAL       COMM     DEPTNO      EMPNO ENAME                               
---------- ---------- ---------- ---------- --------------------                
JOB                       MGR HIREDATE        SAL       COMM     DEPTNO         
------------------ ---------- -------- ---------- ---------- ----------         
CLERK                    7788 87/05/23       1100                    20         
                                                                                
      7934 MILLER               CLERK                    7782 82/01/23          
      1300                    10       7900 JAMES                               
CLERK                    7698 81/12/03        950                    30         
                                                                                
      7934 MILLER               CLERK                    7782 82/01/23          

     EMPNO ENAME                JOB                       MGR HIREDATE          
---------- -------------------- ------------------ ---------- --------          
       SAL       COMM     DEPTNO      EMPNO ENAME                               
---------- ---------- ---------- ---------- --------------------                
JOB                       MGR HIREDATE        SAL       COMM     DEPTNO         
------------------ ---------- -------- ---------- ---------- ----------         
      1300                    10       7902 FORD                                
ANALYST                  7566 81/12/03       3000                    20         
                                                                                
      7934 MILLER               CLERK                    7782 82/01/23          
      1300                    10       7934 MILLER                              
CLERK                    7782 82/01/23       1300                    10         
                                                                                

196 개의 행이 선택되었습니다.

SQL> select a.name,b.name from emp a ,emp b;
select a.name,b.name from emp a ,emp b
              *
1행에 오류:
ORA-00904: "B"."NAME": 부적합한 식별자 


SQL> select a.name,b.ename from emp a ,emp b;
select a.name,b.ename from emp a ,emp b
       *
1행에 오류:
ORA-00904: "A"."NAME": 부적합한 식별자 


SQL> select a.ename,b.ename from emp a ,emp b;

ENAME                ENAME                                                      
-------------------- --------------------                                       
SMITH                SMITH                                                      
SMITH                ALLEN                                                      
SMITH                WARD                                                       
SMITH                JONES                                                      
SMITH                MARTIN                                                     
SMITH                BLAKE                                                      
SMITH                CLARK                                                      
SMITH                SCOTT                                                      
SMITH                KING                                                       
SMITH                TURNER                                                     
SMITH                ADAMS                                                      

ENAME                ENAME                                                      
-------------------- --------------------                                       
SMITH                JAMES                                                      
SMITH                FORD                                                       
SMITH                MILLER                                                     
ALLEN                SMITH                                                      
ALLEN                ALLEN                                                      
ALLEN                WARD                                                       
ALLEN                JONES                                                      
ALLEN                MARTIN                                                     
ALLEN                BLAKE                                                      
ALLEN                CLARK                                                      
ALLEN                SCOTT                                                      

ENAME                ENAME                                                      
-------------------- --------------------                                       
ALLEN                KING                                                       
ALLEN                TURNER                                                     
ALLEN                ADAMS                                                      
ALLEN                JAMES                                                      
ALLEN                FORD                                                       
ALLEN                MILLER                                                     
WARD                 SMITH                                                      
WARD                 ALLEN                                                      
WARD                 WARD                                                       
WARD                 JONES                                                      
WARD                 MARTIN                                                     

ENAME                ENAME                                                      
-------------------- --------------------                                       
WARD                 BLAKE                                                      
WARD                 CLARK                                                      
WARD                 SCOTT                                                      
WARD                 KING                                                       
WARD                 TURNER                                                     
WARD                 ADAMS                                                      
WARD                 JAMES                                                      
WARD                 FORD                                                       
WARD                 MILLER                                                     
JONES                SMITH                                                      
JONES                ALLEN                                                      

ENAME                ENAME                                                      
-------------------- --------------------                                       
JONES                WARD                                                       
JONES                JONES                                                      
JONES                MARTIN                                                     
JONES                BLAKE                                                      
JONES                CLARK                                                      
JONES                SCOTT                                                      
JONES                KING                                                       
JONES                TURNER                                                     
JONES                ADAMS                                                      
JONES                JAMES                                                      
JONES                FORD                                                       

ENAME                ENAME                                                      
-------------------- --------------------                                       
JONES                MILLER                                                     
MARTIN               SMITH                                                      
MARTIN               ALLEN                                                      
MARTIN               WARD                                                       
MARTIN               JONES                                                      
MARTIN               MARTIN                                                     
MARTIN               BLAKE                                                      
MARTIN               CLARK                                                      
MARTIN               SCOTT                                                      
MARTIN               KING                                                       
MARTIN               TURNER                                                     

ENAME                ENAME                                                      
-------------------- --------------------                                       
MARTIN               ADAMS                                                      
MARTIN               JAMES                                                      
MARTIN               FORD                                                       
MARTIN               MILLER                                                     
BLAKE                SMITH                                                      
BLAKE                ALLEN                                                      
BLAKE                WARD                                                       
BLAKE                JONES                                                      
BLAKE                MARTIN                                                     
BLAKE                BLAKE                                                      
BLAKE                CLARK                                                      

ENAME                ENAME                                                      
-------------------- --------------------                                       
BLAKE                SCOTT                                                      
BLAKE                KING                                                       
BLAKE                TURNER                                                     
BLAKE                ADAMS                                                      
BLAKE                JAMES                                                      
BLAKE                FORD                                                       
BLAKE                MILLER                                                     
CLARK                SMITH                                                      
CLARK                ALLEN                                                      
CLARK                WARD                                                       
CLARK                JONES                                                      

ENAME                ENAME                                                      
-------------------- --------------------                                       
CLARK                MARTIN                                                     
CLARK                BLAKE                                                      
CLARK                CLARK                                                      
CLARK                SCOTT                                                      
CLARK                KING                                                       
CLARK                TURNER                                                     
CLARK                ADAMS                                                      
CLARK                JAMES                                                      
CLARK                FORD                                                       
CLARK                MILLER                                                     
SCOTT                SMITH                                                      

ENAME                ENAME                                                      
-------------------- --------------------                                       
SCOTT                ALLEN                                                      
SCOTT                WARD                                                       
SCOTT                JONES                                                      
SCOTT                MARTIN                                                     
SCOTT                BLAKE                                                      
SCOTT                CLARK                                                      
SCOTT                SCOTT                                                      
SCOTT                KING                                                       
SCOTT                TURNER                                                     
SCOTT                ADAMS                                                      
SCOTT                JAMES                                                      

ENAME                ENAME                                                      
-------------------- --------------------                                       
SCOTT                FORD                                                       
SCOTT                MILLER                                                     
KING                 SMITH                                                      
KING                 ALLEN                                                      
KING                 WARD                                                       
KING                 JONES                                                      
KING                 MARTIN                                                     
KING                 BLAKE                                                      
KING                 CLARK                                                      
KING                 SCOTT                                                      
KING                 KING                                                       

ENAME                ENAME                                                      
-------------------- --------------------                                       
KING                 TURNER                                                     
KING                 ADAMS                                                      
KING                 JAMES                                                      
KING                 FORD                                                       
KING                 MILLER                                                     
TURNER               SMITH                                                      
TURNER               ALLEN                                                      
TURNER               WARD                                                       
TURNER               JONES                                                      
TURNER               MARTIN                                                     
TURNER               BLAKE                                                      

ENAME                ENAME                                                      
-------------------- --------------------                                       
TURNER               CLARK                                                      
TURNER               SCOTT                                                      
TURNER               KING                                                       
TURNER               TURNER                                                     
TURNER               ADAMS                                                      
TURNER               JAMES                                                      
TURNER               FORD                                                       
TURNER               MILLER                                                     
ADAMS                SMITH                                                      
ADAMS                ALLEN                                                      
ADAMS                WARD                                                       

ENAME                ENAME                                                      
-------------------- --------------------                                       
ADAMS                JONES                                                      
ADAMS                MARTIN                                                     
ADAMS                BLAKE                                                      
ADAMS                CLARK                                                      
ADAMS                SCOTT                                                      
ADAMS                KING                                                       
ADAMS                TURNER                                                     
ADAMS                ADAMS                                                      
ADAMS                JAMES                                                      
ADAMS                FORD                                                       
ADAMS                MILLER                                                     

ENAME                ENAME                                                      
-------------------- --------------------                                       
JAMES                SMITH                                                      
JAMES                ALLEN                                                      
JAMES                WARD                                                       
JAMES                JONES                                                      
JAMES                MARTIN                                                     
JAMES                BLAKE                                                      
JAMES                CLARK                                                      
JAMES                SCOTT                                                      
JAMES                KING                                                       
JAMES                TURNER                                                     
JAMES                ADAMS                                                      

ENAME                ENAME                                                      
-------------------- --------------------                                       
JAMES                JAMES                                                      
JAMES                FORD                                                       
JAMES                MILLER                                                     
FORD                 SMITH                                                      
FORD                 ALLEN                                                      
FORD                 WARD                                                       
FORD                 JONES                                                      
FORD                 MARTIN                                                     
FORD                 BLAKE                                                      
FORD                 CLARK                                                      
FORD                 SCOTT                                                      

ENAME                ENAME                                                      
-------------------- --------------------                                       
FORD                 KING                                                       
FORD                 TURNER                                                     
FORD                 ADAMS                                                      
FORD                 JAMES                                                      
FORD                 FORD                                                       
FORD                 MILLER                                                     
MILLER               SMITH                                                      
MILLER               ALLEN                                                      
MILLER               WARD                                                       
MILLER               JONES                                                      
MILLER               MARTIN                                                     

ENAME                ENAME                                                      
-------------------- --------------------                                       
MILLER               BLAKE                                                      
MILLER               CLARK                                                      
MILLER               SCOTT                                                      
MILLER               KING                                                       
MILLER               TURNER                                                     
MILLER               ADAMS                                                      
MILLER               JAMES                                                      
MILLER               FORD                                                       
MILLER               MILLER                                                     

196 개의 행이 선택되었습니다.

SQL> select a.ename,b.ename from emp a ,emp b where a.mgr=b.empno;

ENAME                ENAME                                                      
-------------------- --------------------                                       
SMITH                FORD                                                       
ALLEN                BLAKE                                                      
WARD                 BLAKE                                                      
JONES                KING                                                       
MARTIN               BLAKE                                                      
BLAKE                KING                                                       
CLARK                KING                                                       
SCOTT                JONES                                                      
TURNER               BLAKE                                                      
ADAMS                SCOTT                                                      
JAMES                BLAKE                                                      

ENAME                ENAME                                                      
-------------------- --------------------                                       
FORD                 JONES                                                      
MILLER               CLARK                                                      

13 개의 행이 선택되었습니다.

SQL> spool off
